Archive member included to satisfy reference by file (symbol)

../libopencm3/lib/libopencm3_stm32f1.a(adc.o)
                              hw.o (adc_power_on)
../libopencm3/lib/libopencm3_stm32f1.a(adc_common_v1.o)
                              hw.o (adc_power_off)
../libopencm3/lib/libopencm3_stm32f1.a(flash.o)
                              past.o (flash_get_status_flags)
../libopencm3/lib/libopencm3_stm32f1.a(gpio.o)
                              hw.o (gpio_set_mode)
../libopencm3/lib/libopencm3_stm32f1.a(rcc.o)
                              hw.o (rcc_clock_setup_in_hsi_out_48mhz)
../libopencm3/lib/libopencm3_stm32f1.a(dma_common_l1f013.o)
                              spi_driver.o (dma_channel_reset)
../libopencm3/lib/libopencm3_stm32f1.a(gpio_common_all.o)
                              hw.o (gpio_set)
../libopencm3/lib/libopencm3_stm32f1.a(spi_common_all.o)
                              spi_driver.o (spi_reset)
../libopencm3/lib/libopencm3_stm32f1.a(spi_common_l1f124.o)
                              spi_driver.o (spi_init_master)
../libopencm3/lib/libopencm3_stm32f1.a(timer_common_all.o)
                              hw.o (timer_set_mode)
../libopencm3/lib/libopencm3_stm32f1.a(usart_common_all.o)
                              hw.o (usart_set_baudrate)
../libopencm3/lib/libopencm3_stm32f1.a(usart_common_f124.o)
                              ../libopencm3/lib/libopencm3_stm32f1.a(usart_common_all.o) (usart_send)
../libopencm3/lib/libopencm3_stm32f1.a(rcc_common_all.o)
                              hw.o (rcc_periph_clock_enable)
../libopencm3/lib/libopencm3_stm32f1.a(exti_common_all.o)
                              hw.o (exti_set_trigger)
../libopencm3/lib/libopencm3_stm32f1.a(flash_common_f01.o)
                              ../libopencm3/lib/libopencm3_stm32f1.a(rcc.o) (flash_set_ws)
../libopencm3/lib/libopencm3_stm32f1.a(vector.o)
                              (reset_handler)
../libopencm3/lib/libopencm3_stm32f1.a(systick.o)
                              tick.o (systick_set_reload)
../libopencm3/lib/libopencm3_stm32f1.a(nvic.o)
                              hw.o (nvic_enable_irq)
../libopencm3/lib/libopencm3_stm32f1.a(assert.o)
                              ../libopencm3/lib/libopencm3_stm32f1.a(rcc.o) (cm3_assert_failed)
/usr/lib/gcc/arm-none-eabi/4.9.3/../../../arm-none-eabi/lib/armv7-m/libc.a(lib_a-errno.o)
                              stdio.o (__errno)
/usr/lib/gcc/arm-none-eabi/4.9.3/../../../arm-none-eabi/lib/armv7-m/libc.a(lib_a-impure.o)
                              /usr/lib/gcc/arm-none-eabi/4.9.3/../../../arm-none-eabi/lib/armv7-m/libc.a(lib_a-errno.o) (_impure_ptr)
/usr/lib/gcc/arm-none-eabi/4.9.3/../../../arm-none-eabi/lib/armv7-m/libc.a(lib_a-memcpy.o)
                              tft.o (memcpy)
/usr/lib/gcc/arm-none-eabi/4.9.3/../../../arm-none-eabi/lib/armv7-m/libc.a(lib_a-memset.o)
                              event.o (memset)
/usr/lib/gcc/arm-none-eabi/4.9.3/../../../arm-none-eabi/lib/armv7-m/libc.a(lib_a-printf.o)
                              tft.o (printf)
/usr/lib/gcc/arm-none-eabi/4.9.3/../../../arm-none-eabi/lib/armv7-m/libc.a(lib_a-puts.o)
                              ui.o (puts)
/usr/lib/gcc/arm-none-eabi/4.9.3/../../../arm-none-eabi/lib/armv7-m/libc.a(lib_a-strlen.o)
                              /usr/lib/gcc/arm-none-eabi/4.9.3/../../../arm-none-eabi/lib/armv7-m/libc.a(lib_a-puts.o) (strlen)
/usr/lib/gcc/arm-none-eabi/4.9.3/../../../arm-none-eabi/lib/armv7-m/libc.a(lib_a-vfprintf.o)
                              /usr/lib/gcc/arm-none-eabi/4.9.3/../../../arm-none-eabi/lib/armv7-m/libc.a(lib_a-printf.o) (_vfprintf_r)
/usr/lib/gcc/arm-none-eabi/4.9.3/../../../arm-none-eabi/lib/armv7-m/libc.a(lib_a-wsetup.o)
                              /usr/lib/gcc/arm-none-eabi/4.9.3/../../../arm-none-eabi/lib/armv7-m/libc.a(lib_a-vfprintf.o) (__swsetup_r)
/usr/lib/gcc/arm-none-eabi/4.9.3/../../../arm-none-eabi/lib/armv7-m/libc.a(lib_a-dtoa.o)
                              /usr/lib/gcc/arm-none-eabi/4.9.3/../../../arm-none-eabi/lib/armv7-m/libc.a(lib_a-vfprintf.o) (_dtoa_r)
/usr/lib/gcc/arm-none-eabi/4.9.3/../../../arm-none-eabi/lib/armv7-m/libc.a(lib_a-fflush.o)
                              /usr/lib/gcc/arm-none-eabi/4.9.3/../../../arm-none-eabi/lib/armv7-m/libc.a(lib_a-vfprintf.o) (_fflush_r)
/usr/lib/gcc/arm-none-eabi/4.9.3/../../../arm-none-eabi/lib/armv7-m/libc.a(lib_a-findfp.o)
                              /usr/lib/gcc/arm-none-eabi/4.9.3/../../../arm-none-eabi/lib/armv7-m/libc.a(lib_a-puts.o) (__sinit)
/usr/lib/gcc/arm-none-eabi/4.9.3/../../../arm-none-eabi/lib/armv7-m/libc.a(lib_a-freer.o)
                              /usr/lib/gcc/arm-none-eabi/4.9.3/../../../arm-none-eabi/lib/armv7-m/libc.a(lib_a-wsetup.o) (_free_r)
/usr/lib/gcc/arm-none-eabi/4.9.3/../../../arm-none-eabi/lib/armv7-m/libc.a(lib_a-fvwrite.o)
                              /usr/lib/gcc/arm-none-eabi/4.9.3/../../../arm-none-eabi/lib/armv7-m/libc.a(lib_a-puts.o) (__sfvwrite_r)
[...]
Memory Configuration

Name             Origin             Length             Attributes
rom              0x0000000008000000 0x0000000000010000 xr
ram              0x0000000020000000 0x0000000000002000 xrw
*default*        0x0000000000000000 0xffffffffffffffff

Linker script and memory map

LOAD ui.o
LOAD hw.o
LOAD pwrctl.o
LOAD event.o
LOAD past.o
LOAD tick.o
LOAD tft.o
LOAD spi_driver.o
LOAD ringbuf.o
LOAD ili9163c.o
LOAD stdio.o
LOAD font-0.o
LOAD font-1.o
LOAD uframe.o
LOAD protocol.o
LOAD protocol_handler.o
LOAD opendps.o
LOAD ../libopencm3/lib/libopencm3_stm32f1.a
START GROUP
LOAD /usr/lib/gcc/arm-none-eabi/4.9.3/../../../arm-none-eabi/lib/armv7-m/libc.a
LOAD /usr/lib/gcc/arm-none-eabi/4.9.3/armv7-m/libgcc.a
LOAD /usr/lib/gcc/arm-none-eabi/4.9.3/../../../arm-none-eabi/lib/armv7-m/libnosys.a
END GROUP
START GROUP
LOAD /usr/lib/gcc/arm-none-eabi/4.9.3/armv7-m/libgcc.a
LOAD /usr/lib/gcc/arm-none-eabi/4.9.3/../../../arm-none-eabi/lib/armv7-m/libc.a
END GROUP

.text           0x0000000008000000     0xdb48
 *(.vectors)
 .vectors       0x0000000008000000      0x150 ../libopencm3/lib/libopencm3_stm32f1.a(vector.o)
                0x0000000008000000                vector_table
 *(.text*)
 .text.update_input_voltage
                0x0000000008000150      0x124 ui.o
 .text.update_settings_ui
                0x0000000008000274      0x2a0 ui.o
 .text.write_past_settings
                0x0000000008000514       0x8c ui.o
 .text.ui_init  0x00000000080005a0      0x118 ui.o
                0x00000000080005a0                ui_init
 .text.ui_update_values
                0x00000000080006b8      0x268 ui.o
                0x00000000080006b8                ui_update_values
 .text.ui_lock  0x0000000008000920       0x70 ui.o
                0x0000000008000920                ui_lock
 .text.ui_handle_ping
                0x0000000008000990       0x18 ui.o
                0x0000000008000990                ui_handle_ping
 .text.ui_update_wifi_status
                0x00000000080009a8       0xa0 ui.o
                0x00000000080009a8                ui_update_wifi_status
 .text.ui_tick  0x0000000008000a48      0x1c4 ui.o
                0x0000000008000a48                ui_tick
 .text.ui_update_power_status
                0x0000000008000c0c       0x64 ui.o
                0x0000000008000c0c                ui_update_power_status
 .text.ui_hande_event
                0x0000000008000c70      0x1f4 ui.o
                0x0000000008000c70                ui_hande_event
 .text.hw_init  0x0000000008000e64      0x5f4 hw.o
                0x0000000008000e64                hw_init
 .text.hw_get_adc_values
                0x0000000008001458       0x20 hw.o
                0x0000000008001458                hw_get_adc_values
 .text.hw_enable_backlight
                0x0000000008001478       0x48 hw.o
                0x0000000008001478                hw_enable_backlight
 .text.hw_longpress_check
                0x00000000080014c0       0x48 hw.o
                0x00000000080014c0                hw_longpress_check
 .text.hw_sel_button_pressed
                0x0000000008001508       0x18 hw.o
                0x0000000008001508                hw_sel_button_pressed
 .text.adc1_2_isr
                0x0000000008001520       0xe8 hw.o
                0x0000000008001520                adc1_2_isr
 .text.usart1_isr
                0x0000000008001608       0x2c hw.o
                0x0000000008001608                usart1_isr
 .text.exti2_isr
                0x0000000008001634       0x64 hw.o
                0x0000000008001634                exti2_isr
 .text.exti3_isr
                0x0000000008001698       0x30 hw.o
                0x0000000008001698                exti3_isr
 .text.exti1_isr
                0x00000000080016c8       0x30 hw.o
                0x00000000080016c8                exti1_isr
 .text.exti4_isr
                0x00000000080016f8       0x30 hw.o
                0x00000000080016f8                exti4_isr
 .text.exti9_5_isr
                0x0000000008001728       0xb4 hw.o
                0x0000000008001728                exti9_5_isr
 .text.pwrctl_get_vout
                0x00000000080017dc        0xc pwrctl.o
                0x00000000080017dc                pwrctl_get_vout
 .text.pwrctl_get_ilimit
                0x00000000080017e8        0xc pwrctl.o
                0x00000000080017e8                pwrctl_get_ilimit
 .text.pwrctl_enable_vout
                0x00000000080017f4       0x44 pwrctl.o
                0x00000000080017f4                pwrctl_enable_vout
 .text.pwrctl_init
                0x0000000008001838        0x6 pwrctl.o
                0x0000000008001838                pwrctl_init
 *fill*         0x000000000800183e        0x2 
 .text.pwrctl_vout_enabled
                0x0000000008001840        0xc pwrctl.o
                0x0000000008001840                pwrctl_vout_enabled
 *fill*         0x000000000800184c        0x4 
 .text.pwrctl_calc_vin
                0x0000000008001850       0x38 pwrctl.o
                0x0000000008001850                pwrctl_calc_vin
 .text.pwrctl_calc_vout
                0x0000000008001888       0x30 pwrctl.o
                0x0000000008001888                pwrctl_calc_vout
 .text.pwrctl_calc_vout_dac
                0x00000000080018b8       0x38 pwrctl.o
                0x00000000080018b8                pwrctl_calc_vout_dac
 .text.pwrctl_set_vout
                0x00000000080018f0       0x20 pwrctl.o
                0x00000000080018f0                pwrctl_set_vout
 .text.pwrctl_calc_iout
                0x0000000008001910       0x30 pwrctl.o
                0x0000000008001910                pwrctl_calc_iout
 .text.pwrctl_calc_ilimit_adc
                0x0000000008001940       0x44 pwrctl.o
                0x0000000008001940                pwrctl_calc_ilimit_adc
 .text.pwrctl_set_ilimit
                0x0000000008001984       0x1c pwrctl.o
                0x0000000008001984                pwrctl_set_ilimit
 .text.event_init
                0x00000000080019a0       0x24 event.o
                0x00000000080019a0                event_init
 .text.event_get
                0x00000000080019c4       0x2c event.o
                0x00000000080019c4                event_get
 .text.event_put
                0x00000000080019f0       0x10 event.o
                0x00000000080019f0                event_put
 .text.past_find_unit
                0x0000000008001a00       0x3a past.o
 *fill*         0x0000000008001a3a        0x2 
 .text.unlock_flash
                0x0000000008001a3c       0x18 past.o
 .text.lock_flash
                0x0000000008001a54       0x14 past.o
 .text.flash_write32
                0x0000000008001a68       0x24 past.o
 .text.past_erase_unit_at
                0x0000000008001a8c       0x3e past.o
 *fill*         0x0000000008001aca        0x2 
 .text.past_garbage_collect
                0x0000000008001acc      0x100 past.o
 .text.past_read_unit
                0x0000000008001bcc       0x2e past.o
                0x0000000008001bcc                past_read_unit
 .text.past_write_unit
                0x0000000008001bfa      0x11a past.o
                0x0000000008001bfa                past_write_unit
 .text.past_format
                0x0000000008001d14       0x58 past.o
                0x0000000008001d14                past_format
 .text.past_init
                0x0000000008001d6c       0x94 past.o
                0x0000000008001d6c                past_init
 .text.systick_init
                0x0000000008001e00       0x1c tick.o
                0x0000000008001e00                systick_init
 .text.delay_ms
                0x0000000008001e1c       0x28 tick.o
                0x0000000008001e1c                delay_ms
 .text.get_ticks
                0x0000000008001e44        0xc tick.o
                0x0000000008001e44                get_ticks
 .text.sys_tick_handler
                0x0000000008001e50       0x18 tick.o
                0x0000000008001e50                sys_tick_handler
 .text.frame_glyph
                0x0000000008001e68       0x72 tft.o
 .text.tft_init
                0x0000000008001eda       0x16 tft.o
                0x0000000008001eda                tft_init
 .text.tft_clear
                0x0000000008001ef0        0x6 tft.o
                0x0000000008001ef0                tft_clear
 *fill*         0x0000000008001ef6        0x2 
 .text.tft_blit
                0x0000000008001ef8       0x40 tft.o
                0x0000000008001ef8                tft_blit
 .text.tft_fill_pattern
                0x0000000008001f38       0x48 tft.o
                0x0000000008001f38                tft_fill_pattern
 .text.tft_putch
                0x0000000008001f80      0x1a8 tft.o
                0x0000000008001f80                tft_putch
 .text.tft_fill
                0x0000000008002128       0xd8 tft.o
                0x0000000008002128                tft_fill
 .text.tft_invert
                0x0000000008002200       0x14 tft.o
                0x0000000008002200                tft_invert
 .text.tft_is_inverted
                0x0000000008002214        0xc tft.o
                0x0000000008002214                tft_is_inverted
 .text.spi_init
                0x0000000008002220       0x74 spi_driver.o
                0x0000000008002220                spi_init
 .text.spi_dma_transceive
                0x0000000008002294      0x16c spi_driver.o
                0x0000000008002294                spi_dma_transceive
 .text.dma1_channel4_isr
                0x0000000008002400       0x48 spi_driver.o
                0x0000000008002400                dma1_channel4_isr
 .text.dma1_channel5_isr
                0x0000000008002448       0x48 spi_driver.o
                0x0000000008002448                dma1_channel5_isr
 .text.ringbuf_init
                0x0000000008002490        0xe ringbuf.o
                0x0000000008002490                ringbuf_init
 .text.ringbuf_put
                0x000000000800249e       0x26 ringbuf.o
                0x000000000800249e                ringbuf_put
 .text.ringbuf_get
                0x00000000080024c4       0x28 ringbuf.o
                0x00000000080024c4                ringbuf_get
 .text.write_data
                0x00000000080024ec       0x28 ili9163c.o
 .text.write_data16
                0x0000000008002514       0x2c ili9163c.o
 .text.write_command
                0x0000000008002540       0x28 ili9163c.o
 .text.color_space
                0x0000000008002568       0x18 ili9163c.o
 .text.ili9163c_init
                0x0000000008002580      0x184 ili9163c.o
                0x0000000008002580                ili9163c_init
 .text.ili9163c_invert_display
                0x0000000008002704        0xc ili9163c.o
                0x0000000008002704                ili9163c_invert_display
 .text.ili9163c_boundary_check
                0x0000000008002710       0x28 ili9163c.o
                0x0000000008002710                ili9163c_boundary_check
 .text.ili9163c_set_window
                0x0000000008002738       0x70 ili9163c.o
                0x0000000008002738                ili9163c_set_window
 .text.ili9163c_draw_pixel
                0x00000000080027a8       0x32 ili9163c.o
                0x00000000080027a8                ili9163c_draw_pixel
 *fill*         0x00000000080027da        0x2 
 .text.ili9163c_fill_screen
                0x00000000080027dc       0x88 ili9163c.o
                0x00000000080027dc                ili9163c_fill_screen
 .text.ili9163c_set_rotation
                0x0000000008002864       0x5c ili9163c.o
                0x0000000008002864                ili9163c_set_rotation
 .text._write   0x00000000080028c0       0x38 stdio.o
                0x00000000080028c0                _write
 .text.uframe_extract_payload
                0x00000000080028f8       0x78 uframe.o
                0x00000000080028f8                uframe_extract_payload
 .text.protocol_create_response
                0x0000000008002970       0xaa protocol.o
                0x0000000008002970                protocol_create_response
 .text.protocol_create_status_response
                0x0000000008002a1a      0x21c protocol.o
                0x0000000008002a1a                protocol_create_status_response
 .text.protocol_unpack_power_enable
                0x0000000008002c36       0x2e protocol.o
                0x0000000008002c36                protocol_unpack_power_enable
 .text.protocol_unpack_vout
                0x0000000008002c64       0x34 protocol.o
                0x0000000008002c64                protocol_unpack_vout
 .text.protocol_unpack_ilimit
                0x0000000008002c98       0x34 protocol.o
                0x0000000008002c98                protocol_unpack_ilimit
 .text.protocol_unpack_wifi_status
                0x0000000008002ccc       0x22 protocol.o
                0x0000000008002ccc                protocol_unpack_wifi_status
 .text.protocol_unpack_lock
                0x0000000008002cee       0x2e protocol.o
                0x0000000008002cee                protocol_unpack_lock
 .text.serial_handle_rx_char
                0x0000000008002d1c      0x1b0 protocol_handler.o
                0x0000000008002d1c                serial_handle_rx_char
 .text.startup.main
                0x0000000008002ecc       0xb8 opendps.o
                0x0000000008002ecc                main
 .text.adc_power_on
                0x0000000008002f84       0x10 ../libopencm3/lib/libopencm3_stm32f1.a(adc.o)
                0x0000000008002f84                adc_power_on
 .text.adc_enable_external_trigger_injected
                0x0000000008002f94       0x14 ../libopencm3/lib/libopencm3_stm32f1.a(adc.o)
                0x0000000008002f94                adc_enable_external_trigger_injected
 .text.adc_reset_calibration
                0x0000000008002fa8       0x14 ../libopencm3/lib/libopencm3_stm32f1.a(adc.o)
                0x0000000008002fa8                adc_reset_calibration
 .text.adc_calibrate_async
                0x0000000008002fbc        0xa ../libopencm3/lib/libopencm3_stm32f1.a(adc.o)
                0x0000000008002fbc                adc_calibrate_async
 .text.adc_is_calibrating
                0x0000000008002fc6        0x8 ../libopencm3/lib/libopencm3_stm32f1.a(adc.o)
                0x0000000008002fc6                adc_is_calibrating
 .text.adc_calibrate
                0x0000000008002fce       0x14 ../libopencm3/lib/libopencm3_stm32f1.a(adc.o)
                0x0000000008002fce                adc_calibrate
 .text.adc_set_sample_time_on_all_channels
                0x0000000008002fe2       0x2a ../libopencm3/lib/libopencm3_stm32f1.a(adc.o)
                0x0000000008002fe2                adc_set_sample_time_on_all_channels
 .text.adc_power_off
                0x000000000800300c        0xa ../libopencm3/lib/libopencm3_stm32f1.a(adc_common_v1.o)
                0x000000000800300c                adc_power_off
 .text.adc_enable_scan_mode
                0x0000000008003016        0xa ../libopencm3/lib/libopencm3_stm32f1.a(adc_common_v1.o)
                0x0000000008003016                adc_enable_scan_mode
 .text.adc_enable_eoc_interrupt_injected
                0x0000000008003020        0xa ../libopencm3/lib/libopencm3_stm32f1.a(adc_common_v1.o)
                0x0000000008003020                adc_enable_eoc_interrupt_injected
 .text.adc_set_right_aligned
                0x000000000800302a        0xa ../libopencm3/lib/libopencm3_stm32f1.a(adc_common_v1.o)
                0x000000000800302a                adc_set_right_aligned
 .text.adc_read_injected
                0x0000000008003034       0x22 ../libopencm3/lib/libopencm3_stm32f1.a(adc_common_v1.o)
                0x0000000008003034                adc_read_injected
 .text.adc_set_single_conversion_mode
                0x0000000008003056        0xa ../libopencm3/lib/libopencm3_stm32f1.a(adc_common_v1.o)
                0x0000000008003056                adc_set_single_conversion_mode
 .text.adc_set_injected_sequence
                0x0000000008003060       0x26 ../libopencm3/lib/libopencm3_stm32f1.a(adc_common_v1.o)
                0x0000000008003060                adc_set_injected_sequence
 *fill*         0x0000000008003086        0x2 
 .text.flash_get_status_flags
                0x0000000008003088       0x28 ../libopencm3/lib/libopencm3_stm32f1.a(flash.o)
                0x0000000008003088                flash_get_status_flags
 .text.flash_program_half_word
                0x00000000080030b0       0x64 ../libopencm3/lib/libopencm3_stm32f1.a(flash.o)
                0x00000000080030b0                flash_program_half_word
 .text.flash_erase_page
                0x0000000008003114       0x7c ../libopencm3/lib/libopencm3_stm32f1.a(flash.o)
                0x0000000008003114                flash_erase_page
 .text.gpio_set_mode
                0x0000000008003190       0x64 ../libopencm3/lib/libopencm3_stm32f1.a(gpio.o)
                0x0000000008003190                gpio_set_mode
 .text.rcc_osc_on.part.1
                0x00000000080031f4       0x10 ../libopencm3/lib/libopencm3_stm32f1.a(rcc.o)
 .text.rcc_is_osc_ready
                0x0000000008003204       0x5c ../libopencm3/lib/libopencm3_stm32f1.a(rcc.o)
                0x0000000008003204                rcc_is_osc_ready
 .text.rcc_wait_for_osc_ready
                0x0000000008003260       0x10 ../libopencm3/lib/libopencm3_stm32f1.a(rcc.o)
                0x0000000008003260                rcc_wait_for_osc_ready
 .text.rcc_osc_on
                0x0000000008003270       0x54 ../libopencm3/lib/libopencm3_stm32f1.a(rcc.o)
                0x0000000008003270                rcc_osc_on
 .text.rcc_set_sysclk_source
                0x00000000080032c4       0x14 ../libopencm3/lib/libopencm3_stm32f1.a(rcc.o)
                0x00000000080032c4                rcc_set_sysclk_source
 .text.rcc_set_pll_multiplication_factor
                0x00000000080032d8       0x14 ../libopencm3/lib/libopencm3_stm32f1.a(rcc.o)
                0x00000000080032d8                rcc_set_pll_multiplication_factor
 .text.rcc_set_pll_source
                0x00000000080032ec       0x14 ../libopencm3/lib/libopencm3_stm32f1.a(rcc.o)
                0x00000000080032ec                rcc_set_pll_source
 .text.rcc_set_adcpre
                0x0000000008003300       0x14 ../libopencm3/lib/libopencm3_stm32f1.a(rcc.o)
                0x0000000008003300                rcc_set_adcpre
 .text.rcc_set_ppre2
                0x0000000008003314       0x14 ../libopencm3/lib/libopencm3_stm32f1.a(rcc.o)
                0x0000000008003314                rcc_set_ppre2
 .text.rcc_set_ppre1
                0x0000000008003328       0x14 ../libopencm3/lib/libopencm3_stm32f1.a(rcc.o)
                0x0000000008003328                rcc_set_ppre1
 .text.rcc_set_hpre
                0x000000000800333c       0x14 ../libopencm3/lib/libopencm3_stm32f1.a(rcc.o)
                0x000000000800333c                rcc_set_hpre
 .text.rcc_clock_setup_in_hsi_out_48mhz
                0x0000000008003350       0x84 ../libopencm3/lib/libopencm3_stm32f1.a(rcc.o)
                0x0000000008003350                rcc_clock_setup_in_hsi_out_48mhz
 .text.dma_channel_reset
                0x00000000080033d4       0x20 ../libopencm3/lib/libopencm3_stm32f1.a(dma_common_l1f013.o)
                0x00000000080033d4                dma_channel_reset
 .text.dma_set_priority
                0x00000000080033f4       0x18 ../libopencm3/lib/libopencm3_stm32f1.a(dma_common_l1f013.o)
                0x00000000080033f4                dma_set_priority
 .text.dma_set_memory_size
                0x000000000800340c       0x18 ../libopencm3/lib/libopencm3_stm32f1.a(dma_common_l1f013.o)
                0x000000000800340c                dma_set_memory_size
 .text.dma_set_peripheral_size
                0x0000000008003424       0x18 ../libopencm3/lib/libopencm3_stm32f1.a(dma_common_l1f013.o)
                0x0000000008003424                dma_set_peripheral_size
 .text.dma_enable_memory_increment_mode
                0x000000000800343c       0x12 ../libopencm3/lib/libopencm3_stm32f1.a(dma_common_l1f013.o)
                0x000000000800343c                dma_enable_memory_increment_mode
 .text.dma_set_read_from_peripheral
                0x000000000800344e       0x12 ../libopencm3/lib/libopencm3_stm32f1.a(dma_common_l1f013.o)
                0x000000000800344e                dma_set_read_from_peripheral
 .text.dma_set_read_from_memory
                0x0000000008003460       0x12 ../libopencm3/lib/libopencm3_stm32f1.a(dma_common_l1f013.o)
                0x0000000008003460                dma_set_read_from_memory
 .text.dma_enable_transfer_complete_interrupt
                0x0000000008003472       0x12 ../libopencm3/lib/libopencm3_stm32f1.a(dma_common_l1f013.o)
                0x0000000008003472                dma_enable_transfer_complete_interrupt
 .text.dma_disable_transfer_complete_interrupt
                0x0000000008003484       0x12 ../libopencm3/lib/libopencm3_stm32f1.a(dma_common_l1f013.o)
                0x0000000008003484                dma_disable_transfer_complete_interrupt
 .text.dma_enable_channel
                0x0000000008003496       0x12 ../libopencm3/lib/libopencm3_stm32f1.a(dma_common_l1f013.o)
                0x0000000008003496                dma_enable_channel
 .text.dma_disable_channel
                0x00000000080034a8       0x12 ../libopencm3/lib/libopencm3_stm32f1.a(dma_common_l1f013.o)
                0x00000000080034a8                dma_disable_channel
 .text.dma_set_peripheral_address
                0x00000000080034ba       0x12 ../libopencm3/lib/libopencm3_stm32f1.a(dma_common_l1f013.o)
                0x00000000080034ba                dma_set_peripheral_address
 .text.dma_set_memory_address
                0x00000000080034cc       0x12 ../libopencm3/lib/libopencm3_stm32f1.a(dma_common_l1f013.o)
                0x00000000080034cc                dma_set_memory_address
 .text.dma_set_number_of_data
                0x00000000080034de        0xc ../libopencm3/lib/libopencm3_stm32f1.a(dma_common_l1f013.o)
                0x00000000080034de                dma_set_number_of_data
 .text.gpio_set
                0x00000000080034ea        0x4 ../libopencm3/lib/libopencm3_stm32f1.a(gpio_common_all.o)
                0x00000000080034ea                gpio_set
 .text.gpio_clear
                0x00000000080034ee        0x6 ../libopencm3/lib/libopencm3_stm32f1.a(gpio_common_all.o)
                0x00000000080034ee                gpio_clear
 .text.gpio_get
                0x00000000080034f4        0x6 ../libopencm3/lib/libopencm3_stm32f1.a(gpio_common_all.o)
                0x00000000080034f4                gpio_get
 *fill*         0x00000000080034fa        0x2 
 .text.spi_reset
                0x00000000080034fc       0x30 ../libopencm3/lib/libopencm3_stm32f1.a(spi_common_all.o)
                0x00000000080034fc                spi_reset
 .text.spi_enable
                0x000000000800352c        0xa ../libopencm3/lib/libopencm3_stm32f1.a(spi_common_all.o)
                0x000000000800352c                spi_enable
 .text.spi_enable_software_slave_management
                0x0000000008003536       0x12 ../libopencm3/lib/libopencm3_stm32f1.a(spi_common_all.o)
                0x0000000008003536                spi_enable_software_slave_management
 .text.spi_set_nss_high
                0x0000000008003548        0xa ../libopencm3/lib/libopencm3_stm32f1.a(spi_common_all.o)
                0x0000000008003548                spi_set_nss_high
 .text.spi_enable_tx_dma
                0x0000000008003552        0xa ../libopencm3/lib/libopencm3_stm32f1.a(spi_common_all.o)
                0x0000000008003552                spi_enable_tx_dma
 .text.spi_disable_tx_dma
                0x000000000800355c        0xa ../libopencm3/lib/libopencm3_stm32f1.a(spi_common_all.o)
                0x000000000800355c                spi_disable_tx_dma
 .text.spi_enable_rx_dma
                0x0000000008003566        0xa ../libopencm3/lib/libopencm3_stm32f1.a(spi_common_all.o)
                0x0000000008003566                spi_enable_rx_dma
 .text.spi_disable_rx_dma
                0x0000000008003570        0xa ../libopencm3/lib/libopencm3_stm32f1.a(spi_common_all.o)
                0x0000000008003570                spi_disable_rx_dma
 .text.spi_init_master
                0x000000000800357a       0x2a ../libopencm3/lib/libopencm3_stm32f1.a(spi_common_l1f124.o)
                0x000000000800357a                spi_init_master
 .text.timer_set_mode
                0x00000000080035a4       0x12 ../libopencm3/lib/libopencm3_stm32f1.a(timer_common_all.o)
                0x00000000080035a4                timer_set_mode
 .text.timer_set_clock_division
                0x00000000080035b6       0x14 ../libopencm3/lib/libopencm3_stm32f1.a(timer_common_all.o)
                0x00000000080035b6                timer_set_clock_division
 .text.timer_enable_counter
                0x00000000080035ca        0xa ../libopencm3/lib/libopencm3_stm32f1.a(timer_common_all.o)
                0x00000000080035ca                timer_enable_counter
 .text.timer_set_master_mode
                0x00000000080035d4       0x10 ../libopencm3/lib/libopencm3_stm32f1.a(timer_common_all.o)
                0x00000000080035d4                timer_set_master_mode
 .text.timer_set_prescaler
                0x00000000080035e4        0x4 ../libopencm3/lib/libopencm3_stm32f1.a(timer_common_all.o)
                0x00000000080035e4                timer_set_prescaler
 .text.timer_set_period
                0x00000000080035e8        0x4 ../libopencm3/lib/libopencm3_stm32f1.a(timer_common_all.o)
                0x00000000080035e8                timer_set_period
 .text.usart_set_baudrate
                0x00000000080035ec       0x28 ../libopencm3/lib/libopencm3_stm32f1.a(usart_common_all.o)
                0x00000000080035ec                usart_set_baudrate
 .text.usart_set_databits
                0x0000000008003614       0x12 ../libopencm3/lib/libopencm3_stm32f1.a(usart_common_all.o)
                0x0000000008003614                usart_set_databits
 .text.usart_set_stopbits
                0x0000000008003626        0xc ../libopencm3/lib/libopencm3_stm32f1.a(usart_common_all.o)
                0x0000000008003626                usart_set_stopbits
 .text.usart_set_parity
                0x0000000008003632        0xc ../libopencm3/lib/libopencm3_stm32f1.a(usart_common_all.o)
                0x0000000008003632                usart_set_parity
 .text.usart_set_mode
                0x000000000800363e        0xc ../libopencm3/lib/libopencm3_stm32f1.a(usart_common_all.o)
                0x000000000800363e                usart_set_mode
 .text.usart_set_flow_control
                0x000000000800364a        0xc ../libopencm3/lib/libopencm3_stm32f1.a(usart_common_all.o)
                0x000000000800364a                usart_set_flow_control
 .text.usart_enable
                0x0000000008003656        0xa ../libopencm3/lib/libopencm3_stm32f1.a(usart_common_all.o)
                0x0000000008003656                usart_enable
 .text.usart_send_blocking
                0x0000000008003660       0x16 ../libopencm3/lib/libopencm3_stm32f1.a(usart_common_all.o)
                0x0000000008003660                usart_send_blocking
 .text.usart_send
                0x0000000008003676        0x8 ../libopencm3/lib/libopencm3_stm32f1.a(usart_common_f124.o)
                0x0000000008003676                usart_send
 .text.usart_recv
                0x000000000800367e        0x8 ../libopencm3/lib/libopencm3_stm32f1.a(usart_common_f124.o)
                0x000000000800367e                usart_recv
 .text.usart_wait_send_ready
                0x0000000008003686        0x8 ../libopencm3/lib/libopencm3_stm32f1.a(usart_common_f124.o)
                0x0000000008003686                usart_wait_send_ready
 .text.rcc_periph_clock_enable
                0x000000000800368e       0x1a ../libopencm3/lib/libopencm3_stm32f1.a(rcc_common_all.o)
                0x000000000800368e                rcc_periph_clock_enable
 .text.rcc_periph_reset_pulse
                0x00000000080036a8       0x22 ../libopencm3/lib/libopencm3_stm32f1.a(rcc_common_all.o)
                0x00000000080036a8                rcc_periph_reset_pulse
 *fill*         0x00000000080036ca        0x2 
 .text.exti_set_trigger
                0x00000000080036cc       0x3c ../libopencm3/lib/libopencm3_stm32f1.a(exti_common_all.o)
                0x00000000080036cc                exti_set_trigger
 .text.exti_enable_request
                0x0000000008003708       0x14 ../libopencm3/lib/libopencm3_stm32f1.a(exti_common_all.o)
                0x0000000008003708                exti_enable_request
 .text.exti_reset_request
                0x000000000800371c        0xc ../libopencm3/lib/libopencm3_stm32f1.a(exti_common_all.o)
                0x000000000800371c                exti_reset_request
 .text.exti_get_flag_status
                0x0000000008003728        0xc ../libopencm3/lib/libopencm3_stm32f1.a(exti_common_all.o)
                0x0000000008003728                exti_get_flag_status
 .text.exti_select_source
                0x0000000008003734       0x88 ../libopencm3/lib/libopencm3_stm32f1.a(exti_common_all.o)
                0x0000000008003734                exti_select_source
 .text.flash_set_ws
                0x00000000080037bc       0x14 ../libopencm3/lib/libopencm3_stm32f1.a(flash_common_f01.o)
                0x00000000080037bc                flash_set_ws
 .text.flash_unlock
                0x00000000080037d0       0x24 ../libopencm3/lib/libopencm3_stm32f1.a(flash_common_f01.o)
                0x00000000080037d0                flash_unlock
 .text.flash_lock
                0x00000000080037f4       0x10 ../libopencm3/lib/libopencm3_stm32f1.a(flash_common_f01.o)
                0x00000000080037f4                flash_lock
 .text.flash_wait_for_last_operation
                0x0000000008003804        0xc ../libopencm3/lib/libopencm3_stm32f1.a(flash_common_f01.o)
                0x0000000008003804                flash_wait_for_last_operation
 .text.flash_program_word
                0x0000000008003810       0x18 ../libopencm3/lib/libopencm3_stm32f1.a(flash_common_f01.o)
                0x0000000008003810                flash_program_word
 .text.blocking_handler
                0x0000000008003828        0x2 ../libopencm3/lib/libopencm3_stm32f1.a(vector.o)
                0x0000000008003828                usart3_isr
                0x0000000008003828                rtc_isr
                0x0000000008003828                tim7_isr
                0x0000000008003828                tim1_trg_com_isr
                0x0000000008003828                usb_hp_can_tx_isr
                0x0000000008003828                tim6_isr
                0x0000000008003828                usb_wakeup_isr
                0x0000000008003828                blocking_handler
                0x0000000008003828                tim5_isr
                0x0000000008003828                otg_fs_isr
                0x0000000008003828                spi1_isr
                0x0000000008003828                dma1_channel6_isr
                0x0000000008003828                can_rx1_isr
                0x0000000008003828                dma2_channel5_isr
                0x0000000008003828                usage_fault_handler
                0x0000000008003828                tim8_trg_com_isr
                0x0000000008003828                can2_rx0_isr
                0x0000000008003828                tim1_brk_isr
                0x0000000008003828                can2_rx1_isr
                0x0000000008003828                tim1_cc_isr
                0x0000000008003828                sdio_isr
                0x0000000008003828                eth_isr
                0x0000000008003828                tim8_brk_isr
                0x0000000008003828                dma2_channel4_5_isr
                0x0000000008003828                pvd_isr
                0x0000000008003828                rcc_isr
                0x0000000008003828                flash_isr
                0x0000000008003828                uart4_isr
                0x0000000008003828                rtc_alarm_isr
                0x0000000008003828                exti15_10_isr
                0x0000000008003828                hard_fault_handler
                0x0000000008003828                i2c1_ev_isr
                0x0000000008003828                dma2_channel1_isr
                0x0000000008003828                spi2_isr
                0x0000000008003828                tim8_up_isr
                0x0000000008003828                dma2_channel2_isr
                0x0000000008003828                adc3_isr
                0x0000000008003828                tim3_isr
                0x0000000008003828                usart2_isr
                0x0000000008003828                usb_lp_can_rx0_isr
                0x0000000008003828                i2c2_er_isr
                0x0000000008003828                i2c2_ev_isr
                0x0000000008003828                uart5_isr
                0x0000000008003828                fsmc_isr
                0x0000000008003828                dma1_channel1_isr
                0x0000000008003828                mem_manage_handler
                0x0000000008003828                can2_tx_isr
                0x0000000008003828                dma2_channel3_isr
                0x0000000008003828                dma1_channel7_isr
                0x0000000008003828                tim1_up_isr
                0x0000000008003828                can2_sce_isr
                0x0000000008003828                tim4_isr
                0x0000000008003828                dma1_channel2_isr
                0x0000000008003828                i2c1_er_isr
                0x0000000008003828                can_sce_isr
                0x0000000008003828                tim8_cc_isr
                0x0000000008003828                tamper_isr
                0x0000000008003828                eth_wkup_isr
                0x0000000008003828                bus_fault_handler
                0x0000000008003828                wwdg_isr
                0x0000000008003828                dma1_channel3_isr
                0x0000000008003828                spi3_isr
                0x0000000008003828                tim2_isr
                0x0000000008003828                exti0_isr
 .text.null_handler
                0x000000000800382a        0x2 ../libopencm3/lib/libopencm3_stm32f1.a(vector.o)
                0x000000000800382a                null_handler
                0x000000000800382a                sv_call_handler
                0x000000000800382a                pend_sv_handler
                0x000000000800382a                debug_monitor_handler
                0x000000000800382a                nmi_handler
 .text.reset_handler
                0x000000000800382c       0x90 ../libopencm3/lib/libopencm3_stm32f1.a(vector.o)
                0x000000000800382c                reset_handler
 .text.systick_set_reload
                0x00000000080038bc       0x10 ../libopencm3/lib/libopencm3_stm32f1.a(systick.o)
                0x00000000080038bc                systick_set_reload
 .text.systick_set_clocksource
                0x00000000080038cc       0x18 ../libopencm3/lib/libopencm3_stm32f1.a(systick.o)
                0x00000000080038cc                systick_set_clocksource
 .text.systick_interrupt_enable
                0x00000000080038e4       0x10 ../libopencm3/lib/libopencm3_stm32f1.a(systick.o)
                0x00000000080038e4                systick_interrupt_enable
 .text.systick_counter_enable
                0x00000000080038f4       0x10 ../libopencm3/lib/libopencm3_stm32f1.a(systick.o)
                0x00000000080038f4                systick_counter_enable
 .text.nvic_enable_irq
                0x0000000008003904       0x18 ../libopencm3/lib/libopencm3_stm32f1.a(nvic.o)
                0x0000000008003904                nvic_enable_irq
 .text.nvic_set_priority
                0x000000000800391c       0x20 ../libopencm3/lib/libopencm3_stm32f1.a(nvic.o)
                0x000000000800391c                nvic_set_priority
 .text.__errno  0x000000000800393c        0xc /usr/lib/gcc/arm-none-eabi/4.9.3/../../../arm-none-eabi/lib/armv7-m/libc.a(lib_a-errno.o)
                0x000000000800393c                __errno
 .text          0x0000000008003948       0xec /usr/lib/gcc/arm-none-eabi/4.9.3/../../../arm-none-eabi/lib/armv7-m/libc.a(lib_a-memcpy.o)
                0x0000000008003948                memcpy
 .text.memset   0x0000000008003a34       0x9c /usr/lib/gcc/arm-none-eabi/4.9.3/../../../arm-none-eabi/lib/armv7-m/libc.a(lib_a-memset.o)
                0x0000000008003a34                memset
 .text.printf   0x0000000008003ad0       0x28 /usr/lib/gcc/arm-none-eabi/4.9.3/../../../arm-none-eabi/lib/armv7-m/libc.a(lib_a-printf.o)
                0x0000000008003ad0                printf
 .text._puts_r  0x0000000008003af8       0x64 /usr/lib/gcc/arm-none-eabi/4.9.3/../../../arm-none-eabi/lib/armv7-m/libc.a(lib_a-puts.o)
                0x0000000008003af8                _puts_r
 .text.puts     0x0000000008003b5c       0x10 /usr/lib/gcc/arm-none-eabi/4.9.3/../../../arm-none-eabi/lib/armv7-m/libc.a(lib_a-puts.o)
                0x0000000008003b5c                puts
 .text.strlen   0x0000000008003b6c       0x5c /usr/lib/gcc/arm-none-eabi/4.9.3/../../../arm-none-eabi/lib/armv7-m/libc.a(lib_a-strlen.o)
                0x0000000008003b6c                strlen
 .text._vfprintf_r
                0x0000000008003bc8     0x1448 /usr/lib/gcc/arm-none-eabi/4.9.3/../../../arm-none-eabi/lib/armv7-m/libc.a(lib_a-vfprintf.o)
                0x0000000008003bc8                _vfprintf_r
 .text.__sbprintf
                0x0000000008005010       0x7c /usr/lib/gcc/arm-none-eabi/4.9.3/../../../arm-none-eabi/lib/armv7-m/libc.a(lib_a-vfprintf.o)
 .text.__swsetup_r
                0x000000000800508c       0xc4 /usr/lib/gcc/arm-none-eabi/4.9.3/../../../arm-none-eabi/lib/armv7-m/libc.a(lib_a-wsetup.o)
                0x000000000800508c                __swsetup_r
 .text.quorem   0x0000000008005150      0x130 /usr/lib/gcc/arm-none-eabi/4.9.3/../../../arm-none-eabi/lib/armv7-m/libc.a(lib_a-dtoa.o)
 .text._dtoa_r  0x0000000008005280      0xea8 /usr/lib/gcc/arm-none-eabi/4.9.3/../../../arm-none-eabi/lib/armv7-m/libc.a(lib_a-dtoa.o)
                0x0000000008005280                _dtoa_r
 .text.__sflush_r
                0x0000000008006128      0x148 /usr/lib/gcc/arm-none-eabi/4.9.3/../../../arm-none-eabi/lib/armv7-m/libc.a(lib_a-fflush.o)
                0x0000000008006128                __sflush_r
 .text._fflush_r
                0x0000000008006270       0x2c /usr/lib/gcc/arm-none-eabi/4.9.3/../../../arm-none-eabi/lib/armv7-m/libc.a(lib_a-fflush.o)
                0x0000000008006270                _fflush_r
 .text._cleanup_r
                0x000000000800629c        0xc /usr/lib/gcc/arm-none-eabi/4.9.3/../../../arm-none-eabi/lib/armv7-m/libc.a(lib_a-findfp.o)
                0x000000000800629c                _cleanup_r
 .text.__sinit.part.1
                0x00000000080062a8       0xf0 /usr/lib/gcc/arm-none-eabi/4.9.3/../../../arm-none-eabi/lib/armv7-m/libc.a(lib_a-findfp.o)
 .text.__sinit  0x0000000008006398        0xc /usr/lib/gcc/arm-none-eabi/4.9.3/../../../arm-none-eabi/lib/armv7-m/libc.a(lib_a-findfp.o)
                0x0000000008006398                __sinit
 .text.__sfp_lock_acquire
                0x00000000080063a4        0x4 /usr/lib/gcc/arm-none-eabi/4.9.3/../../../arm-none-eabi/lib/armv7-m/libc.a(lib_a-findfp.o)
                0x00000000080063a4                __sfp_lock_acquire
 .text.__sfp_lock_release
                0x00000000080063a8        0x4 /usr/lib/gcc/arm-none-eabi/4.9.3/../../../arm-none-eabi/lib/armv7-m/libc.a(lib_a-findfp.o)
                0x00000000080063a8                __sfp_lock_release
 .text._malloc_trim_r
                0x00000000080063ac       0x9c /usr/lib/gcc/arm-none-eabi/4.9.3/../../../arm-none-eabi/lib/armv7-m/libc.a(lib_a-freer.o)
                0x00000000080063ac                _malloc_trim_r
 .text._free_r  0x0000000008006448      0x1b0 /usr/lib/gcc/arm-none-eabi/4.9.3/../../../arm-none-eabi/lib/armv7-m/libc.a(lib_a-freer.o)
                0x0000000008006448                _free_r
 .text.__sfvwrite_r
                0x00000000080065f8      0x320 /usr/lib/gcc/arm-none-eabi/4.9.3/../../../arm-none-eabi/lib/armv7-m/libc.a(lib_a-fvwrite.o)
                0x00000000080065f8                __sfvwrite_r
 .text._fwalk_reent
                0x0000000008006918       0x50 /usr/lib/gcc/arm-none-eabi/4.9.3/../../../arm-none-eabi/lib/armv7-m/libc.a(lib_a-fwalk.o)
                0x0000000008006918                _fwalk_reent
 .text.__locale_charset
                0x0000000008006968        0x8 /usr/lib/gcc/arm-none-eabi/4.9.3/../../../arm-none-eabi/lib/armv7-m/libc.a(lib_a-locale.o)
                0x0000000008006968                __locale_charset
 .text.__locale_mb_cur_max
                0x0000000008006970        0xc /usr/lib/gcc/arm-none-eabi/4.9.3/../../../arm-none-eabi/lib/armv7-m/libc.a(lib_a-locale.o)
                0x0000000008006970                __locale_mb_cur_max
 .text._localeconv_r
                0x000000000800697c        0x8 /usr/lib/gcc/arm-none-eabi/4.9.3/../../../arm-none-eabi/lib/armv7-m/libc.a(lib_a-locale.o)
                0x000000000800697c                _localeconv_r
 .text.__smakebuf_r
                0x0000000008006984       0xe0 /usr/lib/gcc/arm-none-eabi/4.9.3/../../../arm-none-eabi/lib/armv7-m/libc.a(lib_a-makebuf.o)
                0x0000000008006984                __smakebuf_r
 .text._malloc_r
                0x0000000008006a64      0x50c /usr/lib/gcc/arm-none-eabi/4.9.3/../../../arm-none-eabi/lib/armv7-m/libc.a(lib_a-mallocr.o)
                0x0000000008006a64                _malloc_r
 .text.memchr   0x0000000008006f70       0x94 /usr/lib/gcc/arm-none-eabi/4.9.3/../../../arm-none-eabi/lib/armv7-m/libc.a(lib_a-memchr.o)
                0x0000000008006f70                memchr
 .text.memmove  0x0000000008007004       0xc8 /usr/lib/gcc/arm-none-eabi/4.9.3/../../../arm-none-eabi/lib/armv7-m/libc.a(lib_a-memmove.o)
                0x0000000008007004                memmove
 .text.__malloc_lock
                0x00000000080070cc        0x4 /usr/lib/gcc/arm-none-eabi/4.9.3/../../../arm-none-eabi/lib/armv7-m/libc.a(lib_a-mlock.o)
                0x00000000080070cc                __malloc_lock
 .text.__malloc_unlock
                0x00000000080070d0        0x4 /usr/lib/gcc/arm-none-eabi/4.9.3/../../../arm-none-eabi/lib/armv7-m/libc.a(lib_a-mlock.o)
                0x00000000080070d0                __malloc_unlock
 .text._Balloc  0x00000000080070d4       0x50 /usr/lib/gcc/arm-none-eabi/4.9.3/../../../arm-none-eabi/lib/armv7-m/libc.a(lib_a-mprec.o)
                0x00000000080070d4                _Balloc
 .text._Bfree   0x0000000008007124       0x14 /usr/lib/gcc/arm-none-eabi/4.9.3/../../../arm-none-eabi/lib/armv7-m/libc.a(lib_a-mprec.o)
                0x0000000008007124                _Bfree
 .text.__multadd
                0x0000000008007138       0x84 /usr/lib/gcc/arm-none-eabi/4.9.3/../../../arm-none-eabi/lib/armv7-m/libc.a(lib_a-mprec.o)
                0x0000000008007138                __multadd
 .text.__hi0bits
                0x00000000080071bc       0x40 /usr/lib/gcc/arm-none-eabi/4.9.3/../../../arm-none-eabi/lib/armv7-m/libc.a(lib_a-mprec.o)
                0x00000000080071bc                __hi0bits
 .text.__lo0bits
                0x00000000080071fc       0x5c /usr/lib/gcc/arm-none-eabi/4.9.3/../../../arm-none-eabi/lib/armv7-m/libc.a(lib_a-mprec.o)
                0x00000000080071fc                __lo0bits
 .text.__i2b    0x0000000008007258       0x14 /usr/lib/gcc/arm-none-eabi/4.9.3/../../../arm-none-eabi/lib/armv7-m/libc.a(lib_a-mprec.o)
                0x0000000008007258                __i2b
 .text.__multiply
                0x000000000800726c      0x140 /usr/lib/gcc/arm-none-eabi/4.9.3/../../../arm-none-eabi/lib/armv7-m/libc.a(lib_a-mprec.o)
                0x000000000800726c                __multiply
 .text.__pow5mult
                0x00000000080073ac       0xa0 /usr/lib/gcc/arm-none-eabi/4.9.3/../../../arm-none-eabi/lib/armv7-m/libc.a(lib_a-mprec.o)
                0x00000000080073ac                __pow5mult
 .text.__lshift
                0x000000000800744c       0xb0 /usr/lib/gcc/arm-none-eabi/4.9.3/../../../arm-none-eabi/lib/armv7-m/libc.a(lib_a-mprec.o)
                0x000000000800744c                __lshift
 .text.__mcmp   0x00000000080074fc       0x48 /usr/lib/gcc/arm-none-eabi/4.9.3/../../../arm-none-eabi/lib/armv7-m/libc.a(lib_a-mprec.o)
                0x00000000080074fc                __mcmp
 .text.__mdiff  0x0000000008007544       0xe4 /usr/lib/gcc/arm-none-eabi/4.9.3/../../../arm-none-eabi/lib/armv7-m/libc.a(lib_a-mprec.o)
                0x0000000008007544                __mdiff
 .text.__d2b    0x0000000008007628       0xa8 /usr/lib/gcc/arm-none-eabi/4.9.3/../../../arm-none-eabi/lib/armv7-m/libc.a(lib_a-mprec.o)
                0x0000000008007628                __d2b
 .text._realloc_r
                0x00000000080076d0      0x3e0 /usr/lib/gcc/arm-none-eabi/4.9.3/../../../arm-none-eabi/lib/armv7-m/libc.a(lib_a-reallocr.o)
                0x00000000080076d0                _realloc_r
 .text.__fpclassifyd
                0x0000000008007ab0       0x58 /usr/lib/gcc/arm-none-eabi/4.9.3/../../../arm-none-eabi/lib/armv7-m/libc.a(lib_a-s_fpclassify.o)
                0x0000000008007ab0                __fpclassifyd
 .text._sbrk_r  0x0000000008007b08       0x24 /usr/lib/gcc/arm-none-eabi/4.9.3/../../../arm-none-eabi/lib/armv7-m/libc.a(lib_a-sbrkr.o)
                0x0000000008007b08                _sbrk_r
 .text.__sread  0x0000000008007b2c       0x24 /usr/lib/gcc/arm-none-eabi/4.9.3/../../../arm-none-eabi/lib/armv7-m/libc.a(lib_a-stdio.o)
                0x0000000008007b2c                __sread
 .text.__swrite
                0x0000000008007b50       0x38 /usr/lib/gcc/arm-none-eabi/4.9.3/../../../arm-none-eabi/lib/armv7-m/libc.a(lib_a-stdio.o)
                0x0000000008007b50                __swrite
 .text.__sseek  0x0000000008007b88       0x20 /usr/lib/gcc/arm-none-eabi/4.9.3/../../../arm-none-eabi/lib/armv7-m/libc.a(lib_a-stdio.o)
                0x0000000008007b88                __sseek
 .text.__sclose
                0x0000000008007ba8        0x8 /usr/lib/gcc/arm-none-eabi/4.9.3/../../../arm-none-eabi/lib/armv7-m/libc.a(lib_a-stdio.o)
                0x0000000008007ba8                __sclose
 .text.__sprint_r.part.0
                0x0000000008007bb0       0x78 /usr/lib/gcc/arm-none-eabi/4.9.3/../../../arm-none-eabi/lib/armv7-m/libc.a(lib_a-vfiprintf.o)
 .text.__sprint_r
                0x0000000008007c28       0x18 /usr/lib/gcc/arm-none-eabi/4.9.3/../../../arm-none-eabi/lib/armv7-m/libc.a(lib_a-vfiprintf.o)
                0x0000000008007c28                __sprint_r
 .text._write_r
                0x0000000008007c40       0x28 /usr/lib/gcc/arm-none-eabi/4.9.3/../../../arm-none-eabi/lib/armv7-m/libc.a(lib_a-writer.o)
                0x0000000008007c40                _write_r
 .text._calloc_r
                0x0000000008007c68       0x60 /usr/lib/gcc/arm-none-eabi/4.9.3/../../../arm-none-eabi/lib/armv7-m/libc.a(lib_a-callocr.o)
                0x0000000008007c68                _calloc_r
 .text._close_r
                0x0000000008007cc8       0x24 /usr/lib/gcc/arm-none-eabi/4.9.3/../../../arm-none-eabi/lib/armv7-m/libc.a(lib_a-closer.o)
                0x0000000008007cc8                _close_r
 .text._fclose_r
                0x0000000008007cec       0x84 /usr/lib/gcc/arm-none-eabi/4.9.3/../../../arm-none-eabi/lib/armv7-m/libc.a(lib_a-fclose.o)
                0x0000000008007cec                _fclose_r
 .text.__fputwc
                0x0000000008007d70       0xb0 /usr/lib/gcc/arm-none-eabi/4.9.3/../../../arm-none-eabi/lib/armv7-m/libc.a(lib_a-fputwc.o)
                0x0000000008007d70                __fputwc
 .text._fputwc_r
                0x0000000008007e20       0x24 /usr/lib/gcc/arm-none-eabi/4.9.3/../../../arm-none-eabi/lib/armv7-m/libc.a(lib_a-fputwc.o)
                0x0000000008007e20                _fputwc_r
 .text._fstat_r
                0x0000000008007e44       0x28 /usr/lib/gcc/arm-none-eabi/4.9.3/../../../arm-none-eabi/lib/armv7-m/libc.a(lib_a-fstatr.o)
                0x0000000008007e44                _fstat_r
 .text._isatty_r
                0x0000000008007e6c       0x24 /usr/lib/gcc/arm-none-eabi/4.9.3/../../../arm-none-eabi/lib/armv7-m/libc.a(lib_a-isattyr.o)
                0x0000000008007e6c                _isatty_r
 .text._lseek_r
                0x0000000008007e90       0x28 /usr/lib/gcc/arm-none-eabi/4.9.3/../../../arm-none-eabi/lib/armv7-m/libc.a(lib_a-lseekr.o)
                0x0000000008007e90                _lseek_r
 .text._read_r  0x0000000008007eb8       0x28 /usr/lib/gcc/arm-none-eabi/4.9.3/../../../arm-none-eabi/lib/armv7-m/libc.a(lib_a-readr.o)
                0x0000000008007eb8                _read_r
 .text.__swbuf_r
                0x0000000008007ee0       0xa8 /usr/lib/gcc/arm-none-eabi/4.9.3/../../../arm-none-eabi/lib/armv7-m/libc.a(lib_a-wbuf.o)
                0x0000000008007ee0                __swbuf_r
 .text._wcrtomb_r
                0x0000000008007f88       0x54 /usr/lib/gcc/arm-none-eabi/4.9.3/../../../arm-none-eabi/lib/armv7-m/libc.a(lib_a-wcrtomb.o)
                0x0000000008007f88                _wcrtomb_r
 .text.__ascii_wctomb
                0x0000000008007fdc       0x1c /usr/lib/gcc/arm-none-eabi/4.9.3/../../../arm-none-eabi/lib/armv7-m/libc.a(lib_a-wctomb_r.o)
                0x0000000008007fdc                __ascii_wctomb
 .text          0x0000000008007ff8      0x370 /usr/lib/gcc/arm-none-eabi/4.9.3/armv7-m/libgcc.a(_arm_addsubdf3.o)
                0x0000000008007ff8                __aeabi_drsub
                0x0000000008008000                __aeabi_dsub
                0x0000000008008000                __subdf3
                0x0000000008008004                __adddf3
                0x0000000008008004                __aeabi_dadd
                0x000000000800827c                __aeabi_ui2d
                0x000000000800827c                __floatunsidf
                0x000000000800829c                __floatsidf
                0x000000000800829c                __aeabi_i2d
                0x00000000080082c0                __extendsfdf2
                0x00000000080082c0                __aeabi_f2d
                0x00000000080082fc                __aeabi_ul2d
                0x00000000080082fc                __floatundidf
                0x000000000800830c                __floatdidf
                0x000000000800830c                __aeabi_l2d
 .text          0x0000000008008368      0x424 /usr/lib/gcc/arm-none-eabi/4.9.3/armv7-m/libgcc.a(_arm_muldivdf3.o)
                0x0000000008008368                __aeabi_dmul
                0x0000000008008368                __muldf3
                0x00000000080085bc                __aeabi_ddiv
                0x00000000080085bc                __divdf3
 .text          0x000000000800878c      0x110 /usr/lib/gcc/arm-none-eabi/4.9.3/armv7-m/libgcc.a(_arm_cmpdf2.o)
                0x000000000800878c                __gtdf2
                0x000000000800878c                __gedf2
                0x0000000008008794                __ltdf2
                0x0000000008008794                __ledf2
                0x000000000800879c                __cmpdf2
                0x000000000800879c                __eqdf2
                0x000000000800879c                __nedf2
                0x0000000008008818                __aeabi_cdrcmple
                0x0000000008008828                __aeabi_cdcmple
                0x0000000008008828                __aeabi_cdcmpeq
                0x0000000008008838                __aeabi_dcmpeq
                0x000000000800884c                __aeabi_dcmplt
                0x0000000008008860                __aeabi_dcmple
                0x0000000008008874                __aeabi_dcmpge
                0x0000000008008888                __aeabi_dcmpgt
 .text          0x000000000800889c       0x50 /usr/lib/gcc/arm-none-eabi/4.9.3/armv7-m/libgcc.a(_arm_fixdfsi.o)
                0x000000000800889c                __fixdfsi
                0x000000000800889c                __aeabi_d2iz
 .text          0x00000000080088ec       0x40 /usr/lib/gcc/arm-none-eabi/4.9.3/armv7-m/libgcc.a(_arm_fixunsdfsi.o)
                0x00000000080088ec                __fixunsdfsi
                0x00000000080088ec                __aeabi_d2uiz
 .text          0x000000000800892c       0x30 /usr/lib/gcc/arm-none-eabi/4.9.3/armv7-m/libgcc.a(_aeabi_uldivmod.o)
                0x000000000800892c                __aeabi_uldivmod
 .text          0x000000000800895c       0x60 /usr/lib/gcc/arm-none-eabi/4.9.3/armv7-m/libgcc.a(bpabi.o)
                0x000000000800895c                __gnu_ldivmod_helper
                0x000000000800898c                __gnu_uldivmod_helper
 .text          0x00000000080089bc        0x4 /usr/lib/gcc/arm-none-eabi/4.9.3/armv7-m/libgcc.a(_dvmd_tls.o)
                0x00000000080089bc                __aeabi_ldiv0
                0x00000000080089bc                __aeabi_idiv0
 .text          0x00000000080089c0      0x2ac /usr/lib/gcc/arm-none-eabi/4.9.3/armv7-m/libgcc.a(_divdi3.o)
                0x00000000080089c0                __divdi3
 .text          0x0000000008008c6c      0x270 /usr/lib/gcc/arm-none-eabi/4.9.3/armv7-m/libgcc.a(_udivdi3.o)
                0x0000000008008c6c                __udivdi3
 .text._close   0x0000000008008edc       0x10 /usr/lib/gcc/arm-none-eabi/4.9.3/../../../arm-none-eabi/lib/armv7-m/libnosys.a(close.o)
                0x0000000008008edc                _close
 .text._fstat   0x0000000008008eec       0x10 /usr/lib/gcc/arm-none-eabi/4.9.3/../../../arm-none-eabi/lib/armv7-m/libnosys.a(fstat.o)
                0x0000000008008eec                _fstat
 .text._isatty  0x0000000008008efc       0x10 /usr/lib/gcc/arm-none-eabi/4.9.3/../../../arm-none-eabi/lib/armv7-m/libnosys.a(isatty.o)
                0x0000000008008efc                _isatty
 .text._lseek   0x0000000008008f0c       0x10 /usr/lib/gcc/arm-none-eabi/4.9.3/../../../arm-none-eabi/lib/armv7-m/libnosys.a(lseek.o)
                0x0000000008008f0c                _lseek
 .text._read    0x0000000008008f1c       0x10 /usr/lib/gcc/arm-none-eabi/4.9.3/../../../arm-none-eabi/lib/armv7-m/libnosys.a(read.o)
                0x0000000008008f1c                _read
 .text._sbrk    0x0000000008008f2c       0x1c /usr/lib/gcc/arm-none-eabi/4.9.3/../../../arm-none-eabi/lib/armv7-m/libnosys.a(sbrk.o)
                0x0000000008008f2c                _sbrk
                0x0000000008008f48                . = ALIGN (0x4)
 *(.rodata*)
 .rodata.power  0x0000000008008f48      0x200 ui.o
                0x0000000008008f48                power
 .rodata.CSWTCH.85
                0x0000000008009148        0x6 ui.o
 .rodata.CSWTCH.87
                0x000000000800914e        0x8 ui.o
 .rodata.padlock
                0x0000000008009156      0x180 ui.o
                0x0000000008009156                padlock
 .rodata.wifi   0x00000000080092d6      0x260 ui.o
                0x00000000080092d6                wifi
 .rodata.str1.1
                0x0000000008009536       0x81 ui.o
 .rodata.str1.1
                0x00000000080095b7       0x36 tft.o
 .rodata.pGammaSet
                0x00000000080095ed        0xf ili9163c.o
                0x00000000080095ed                pGammaSet
 .rodata.nGammaSet
                0x00000000080095fc        0xf ili9163c.o
                0x00000000080095fc                nGammaSet
 .rodata.font_0_widths
                0x000000000800960b        0xd font-0.o
                0x000000000800960b                font_0_widths
 .rodata.font_0_num_glyphs
                0x0000000008009618        0x4 font-0.o
                0x0000000008009618                font_0_num_glyphs
 .rodata.font_0_a
                0x000000000800961c      0x10e font-0.o
                0x000000000800961c                font_0_a
 .rodata.font_0_sizes
                0x000000000800972a       0x1a font-0.o
                0x000000000800972a                font_0_sizes
 .rodata.font_0_9
                0x0000000008009744       0xd2 font-0.o
                0x0000000008009744                font_0_9
 .rodata.font_0_2
                0x0000000008009816       0xb4 font-0.o
                0x0000000008009816                font_0_2
 .rodata.font_0_dot
                0x00000000080098ca       0x3c font-0.o
                0x00000000080098ca                font_0_dot
 .rodata.font_0_0
                0x0000000008009906       0xd2 font-0.o
                0x0000000008009906                font_0_0
 .rodata.font_0_1
                0x00000000080099d8       0x78 font-0.o
                0x00000000080099d8                font_0_1
 .rodata.font_0_3
                0x0000000008009a50       0xd2 font-0.o
                0x0000000008009a50                font_0_3
 .rodata.font_0_4
                0x0000000008009b22       0xd2 font-0.o
                0x0000000008009b22                font_0_4
 .rodata.font_0_5
                0x0000000008009bf4       0xb4 font-0.o
                0x0000000008009bf4                font_0_5
 .rodata.font_0_6
                0x0000000008009ca8       0xb4 font-0.o
                0x0000000008009ca8                font_0_6
 .rodata.font_0_7
                0x0000000008009d5c       0xd2 font-0.o
                0x0000000008009d5c                font_0_7
 .rodata.font_0_8
                0x0000000008009e2e       0xd2 font-0.o
                0x0000000008009e2e                font_0_8
 .rodata.font_0_v
                0x0000000008009f00      0x12c font-0.o
                0x0000000008009f00                font_0_v
 .rodata.font_0_height
                0x000000000800a02c        0x4 font-0.o
                0x000000000800a02c                font_0_height
 .rodata.font_1_num_glyphs
                0x000000000800a030        0x4 font-1.o
                0x000000000800a030                font_1_num_glyphs
 .rodata.font_1_v
                0x000000000800a034      0x604 font-1.o
                0x000000000800a034                font_1_v
 .rodata.font_1_2
                0x000000000800a638      0x460 font-1.o
                0x000000000800a638                font_1_2
 .rodata.font_1_3
                0x000000000800aa98      0x460 font-1.o
                0x000000000800aa98                font_1_3
 .rodata.font_1_4
                0x000000000800aef8      0x4ec font-1.o
                0x000000000800aef8                font_1_4
 .rodata.font_1_5
                0x000000000800b3e4      0x460 font-1.o
                0x000000000800b3e4                font_1_5
 .rodata.font_1_6
                0x000000000800b844      0x460 font-1.o
                0x000000000800b844                font_1_6
 .rodata.font_1_7
                0x000000000800bca4      0x4a6 font-1.o
                0x000000000800bca4                font_1_7
 .rodata.font_1_8
                0x000000000800c14a      0x460 font-1.o
                0x000000000800c14a                font_1_8
 .rodata.font_1_9
                0x000000000800c5aa      0x460 font-1.o
                0x000000000800c5aa                font_1_9
 *fill*         0x000000000800ca0a        0x2 
 .rodata.font_1_height
                0x000000000800ca0c        0x4 font-1.o
                0x000000000800ca0c                font_1_height
 .rodata.font_1_sizes
                0x000000000800ca10       0x1a font-1.o
                0x000000000800ca10                font_1_sizes
 .rodata.font_1_dot
                0x000000000800ca2a      0x1ea font-1.o
                0x000000000800ca2a                font_1_dot
 .rodata.font_1_0
                0x000000000800cc14      0x460 font-1.o
                0x000000000800cc14                font_1_0
 .rodata.font_1_1
                0x000000000800d074      0x302 font-1.o
                0x000000000800d074                font_1_1
 .rodata.font_1_widths
                0x000000000800d376        0xd font-1.o
                0x000000000800d376                font_1_widths
 .rodata.font_1_a
                0x000000000800d383      0x604 font-1.o
                0x000000000800d383                font_1_a
 .rodata.str1.1
                0x000000000800d987       0x11 protocol_handler.o
 .rodata.str1.1
                0x000000000800d998       0x28 opendps.o
 .rodata.str1.4
                0x000000000800d9c0        0x2 /usr/lib/gcc/arm-none-eabi/4.9.3/../../../arm-none-eabi/lib/armv7-m/libc.a(lib_a-impure.o)
                                          0x4 (size before relaxing)
 *fill*         0x000000000800d9c2        0x2 
 .rodata.str1.4
                0x000000000800d9c4        0x2 /usr/lib/gcc/arm-none-eabi/4.9.3/../../../arm-none-eabi/lib/armv7-m/libc.a(lib_a-puts.o)
                                          0x4 (size before relaxing)
 *fill*         0x000000000800d9c6        0x2 
 .rodata.zeroes.6926
                0x000000000800d9c8       0x10 /usr/lib/gcc/arm-none-eabi/4.9.3/../../../arm-none-eabi/lib/armv7-m/libc.a(lib_a-vfprintf.o)
 .rodata.str1.4
                0x000000000800d9d8       0x42 /usr/lib/gcc/arm-none-eabi/4.9.3/../../../arm-none-eabi/lib/armv7-m/libc.a(lib_a-vfprintf.o)
                                         0x44 (size before relaxing)
 *fill*         0x000000000800da1a        0x2 
 .rodata.blanks.6925
                0x000000000800da1c       0x10 /usr/lib/gcc/arm-none-eabi/4.9.3/../../../arm-none-eabi/lib/armv7-m/libc.a(lib_a-vfprintf.o)
 .rodata.str1.4
                0x000000000800da2c       0x10 /usr/lib/gcc/arm-none-eabi/4.9.3/../../../arm-none-eabi/lib/armv7-m/libc.a(lib_a-dtoa.o)
                                         0x14 (size before relaxing)
 .rodata.str1.4
                0x000000000800da3c        0xc /usr/lib/gcc/arm-none-eabi/4.9.3/../../../arm-none-eabi/lib/armv7-m/libc.a(lib_a-locale.o)
                                         0x14 (size before relaxing)
 .rodata.__mprec_tens
                0x000000000800da48       0xc8 /usr/lib/gcc/arm-none-eabi/4.9.3/../../../arm-none-eabi/lib/armv7-m/libc.a(lib_a-mprec.o)
                0x000000000800da48                __mprec_tens
 .rodata.p05.5302
                0x000000000800db10        0xc /usr/lib/gcc/arm-none-eabi/4.9.3/../../../arm-none-eabi/lib/armv7-m/libc.a(lib_a-mprec.o)
 *fill*         0x000000000800db1c        0x4 
 .rodata.__mprec_bigtens
                0x000000000800db20       0x28 /usr/lib/gcc/arm-none-eabi/4.9.3/../../../arm-none-eabi/lib/armv7-m/libc.a(lib_a-mprec.o)
                0x000000000800db20                __mprec_bigtens
                0x000000000800db48                . = ALIGN (0x4)

.glue_7         0x000000000800db48        0x0
 .glue_7        0x000000000800db48        0x0 linker stubs

.glue_7t        0x000000000800db48        0x0
 .glue_7t       0x000000000800db48        0x0 linker stubs

.vfp11_veneer   0x000000000800db48        0x0
 .vfp11_veneer  0x000000000800db48        0x0 linker stubs

.v4_bx          0x000000000800db48        0x0
 .v4_bx         0x000000000800db48        0x0 linker stubs

.iplt           0x000000000800db48        0x0
 .iplt          0x000000000800db48        0x0 ui.o

.preinit_array  0x000000000800db48        0x0
                0x000000000800db48                . = ALIGN (0x4)
                0x000000000800db48                __preinit_array_start = .
 *(.preinit_array)
                0x000000000800db48                __preinit_array_end = .

.init_array     0x000000000800db48        0x0
                0x000000000800db48                . = ALIGN (0x4)
                0x000000000800db48                __init_array_start = .
 *(SORT(.init_array.*))
 *(.init_array)
                0x000000000800db48                __init_array_end = .

.fini_array     0x000000000800db48        0x0
                0x000000000800db48                . = ALIGN (0x4)
                0x000000000800db48                __fini_array_start = .
 *(.fini_array)
 *(SORT(.fini_array.*))
                0x000000000800db48                __fini_array_end = .

.ARM.extab
 *(.ARM.extab*)

.ARM.exidx      0x000000000800db48        0x8
                0x000000000800db48                __exidx_start = .
 *(.ARM.exidx*)
 .ARM.exidx     0x000000000800db48        0x8 /usr/lib/gcc/arm-none-eabi/4.9.3/armv7-m/libgcc.a(_divdi3.o)
 .ARM.exidx     0x000000000800db50        0x0 /usr/lib/gcc/arm-none-eabi/4.9.3/armv7-m/libgcc.a(_udivdi3.o)
                                          0x8 (size before relaxing)
                0x000000000800db50                __exidx_end = .

.rel.dyn        0x000000000800db50        0x0
 .rel.iplt      0x000000000800db50        0x0 ui.o
                0x000000000800db50                . = ALIGN (0x4)
                0x000000000800db50                _etext = .

.data           0x0000000020000000      0x934 load address 0x000000000800db50
                0x0000000020000000                _data = .
 *(.data*)
 .data.wifi_height
                0x0000000020000000        0x4 ui.o
                0x0000000020000000                wifi_height
 .data.padlock_height
                0x0000000020000004        0x4 ui.o
                0x0000000020000004                padlock_height
 .data.power_height
                0x0000000020000008        0x4 ui.o
                0x0000000020000008                power_height
 .data.padlock_width
                0x000000002000000c        0x4 ui.o
                0x000000002000000c                padlock_width
 .data.wifi_width
                0x0000000020000010        0x4 ui.o
                0x0000000020000010                wifi_width
 .data.power_width
                0x0000000020000014        0x4 ui.o
                0x0000000020000014                power_width
 .data.measure_i_out
                0x0000000020000018        0x1 hw.o
 .data.falling.6074
                0x0000000020000019        0x1 hw.o
 .data.falling.6066
                0x000000002000001a        0x1 hw.o
 .data.falling.6078
                0x000000002000001b        0x1 hw.o
 .data.falling.6070
                0x000000002000001c        0x1 hw.o
 .data.falling.6082
                0x000000002000001d        0x1 hw.o
 *fill*         0x000000002000001e        0x2 
 .data.font_0_pix
                0x0000000020000020       0x34 font-0.o
                0x0000000020000020                font_0_pix
 .data.font_1_pix
                0x0000000020000054       0x34 font-1.o
                0x0000000020000054                font_1_pix
 .data.first.6012
                0x0000000020000088        0x1 opendps.o
 *fill*         0x0000000020000089        0x3 
 .data.rcc_ahb_frequency
                0x000000002000008c        0x4 ../libopencm3/lib/libopencm3_stm32f1.a(rcc.o)
                0x000000002000008c                rcc_ahb_frequency
 .data.rcc_apb1_frequency
                0x0000000020000090        0x4 ../libopencm3/lib/libopencm3_stm32f1.a(rcc.o)
                0x0000000020000090                rcc_apb1_frequency
 .data.rcc_apb2_frequency
                0x0000000020000094        0x4 ../libopencm3/lib/libopencm3_stm32f1.a(rcc.o)
                0x0000000020000094                rcc_apb2_frequency
 .data.impure_data
                0x0000000020000098      0x428 /usr/lib/gcc/arm-none-eabi/4.9.3/../../../arm-none-eabi/lib/armv7-m/libc.a(lib_a-impure.o)
 .data._impure_ptr
                0x00000000200004c0        0x4 /usr/lib/gcc/arm-none-eabi/4.9.3/../../../arm-none-eabi/lib/armv7-m/libc.a(lib_a-impure.o)
                0x00000000200004c0                _impure_ptr
 .data.lconv    0x00000000200004c4       0x38 /usr/lib/gcc/arm-none-eabi/4.9.3/../../../arm-none-eabi/lib/armv7-m/libc.a(lib_a-locale.o)
 .data.lc_ctype_charset
                0x00000000200004fc       0x20 /usr/lib/gcc/arm-none-eabi/4.9.3/../../../arm-none-eabi/lib/armv7-m/libc.a(lib_a-locale.o)
 .data.__mb_cur_max
                0x000000002000051c        0x4 /usr/lib/gcc/arm-none-eabi/4.9.3/../../../arm-none-eabi/lib/armv7-m/libc.a(lib_a-locale.o)
                0x000000002000051c                __mb_cur_max
 .data.__malloc_av_
                0x0000000020000520      0x408 /usr/lib/gcc/arm-none-eabi/4.9.3/../../../arm-none-eabi/lib/armv7-m/libc.a(lib_a-mallocr.o)
                0x0000000020000520                __malloc_av_
 .data.__malloc_trim_threshold
                0x0000000020000928        0x4 /usr/lib/gcc/arm-none-eabi/4.9.3/../../../arm-none-eabi/lib/armv7-m/libc.a(lib_a-mallocr.o)
                0x0000000020000928                __malloc_trim_threshold
 .data.__malloc_sbrk_base
                0x000000002000092c        0x4 /usr/lib/gcc/arm-none-eabi/4.9.3/../../../arm-none-eabi/lib/armv7-m/libc.a(lib_a-mallocr.o)
                0x000000002000092c                __malloc_sbrk_base
 .data.__wctomb
                0x0000000020000930        0x4 /usr/lib/gcc/arm-none-eabi/4.9.3/../../../arm-none-eabi/lib/armv7-m/libc.a(lib_a-wctomb_r.o)
                0x0000000020000930                __wctomb
                0x0000000020000934                . = ALIGN (0x4)
                0x0000000020000934                _edata = .
                0x000000000800db50                _data_loadaddr = LOADADDR (.data)

.igot.plt       0x0000000020000934        0x0 load address 0x000000000800e484
 .igot.plt      0x0000000020000934        0x0 ui.o

.bss            0x0000000020000938      0xc90 load address 0x000000000800e484
 *(.bss*)
 .bss.lock_flash_counter
                0x0000000020000938        0x4 ui.o
 *fill*         0x000000002000093c        0x4 
 .bss.last_wifi_update.5469
                0x0000000020000940        0x8 ui.o
 .bss.g_past    0x0000000020000948       0x18 ui.o
 .bss.max_i_limit
                0x0000000020000960        0x4 ui.o
 .bss.edit_position
                0x0000000020000964        0x4 ui.o
 .bss.wifi_status_flashing_period
                0x0000000020000968        0x4 ui.o
 .bss.wifi_status
                0x000000002000096c        0x1 ui.o
 .bss.wifi_status_visible
                0x000000002000096d        0x1 ui.o
 *fill*         0x000000002000096e        0x2 
 .bss.last_lock_flash.5471
                0x0000000020000970        0x8 ui.o
 .bss.ui_height
                0x0000000020000978        0x4 ui.o
 *fill*         0x000000002000097c        0x4 
 .bss.last.5459
                0x0000000020000980        0x8 ui.o
 .bss.cur_i_out
                0x0000000020000988        0x4 ui.o
 .bss.last_vout_setting
                0x000000002000098c        0x4 ui.o
 .bss.last_edit_mode
                0x0000000020000990        0x1 ui.o
 *fill*         0x0000000020000991        0x7 
 .bss.last_tft_flash.5470
                0x0000000020000998        0x8 ui.o
 .bss.pwr_start
                0x00000000200009a0        0x8 ui.o
 .bss.cur_v_out
                0x00000000200009a8        0x4 ui.o
 .bss.tft_flash_counter
                0x00000000200009ac        0x4 ui.o
 .bss.max_v_out
                0x00000000200009b0        0x4 ui.o
 .bss.cur_v_in  0x00000000200009b4        0x4 ui.o
 .bss.last_tft_inv_setting
                0x00000000200009b8        0x1 ui.o
 .bss.is_enabled
                0x00000000200009b9        0x1 ui.o
 *fill*         0x00000000200009ba        0x2 
 .bss.tft_flashing_period
                0x00000000200009bc        0x4 ui.o
 .bss.edit_mode
                0x00000000200009c0        0x1 ui.o
 *fill*         0x00000000200009c1        0x3 
 .bss.ui_width  0x00000000200009c4        0x4 ui.o
 .bss.lock_flashing_period
                0x00000000200009c8        0x4 ui.o
 .bss.bg_color  0x00000000200009cc        0x2 ui.o
 .bss.is_locked
                0x00000000200009ce        0x1 ui.o
 .bss.lock_visible
                0x00000000200009cf        0x1 ui.o
 .bss.last_ilimit_setting
                0x00000000200009d0        0x4 ui.o
 .bss.i_out_trig_adc
                0x00000000200009d4        0x2 hw.o
 *fill*         0x00000000200009d6        0x2 
 .bss.last_tick_counter.6021
                0x00000000200009d8        0x4 hw.o
 .bss.i_offset_calc
                0x00000000200009dc        0x4 hw.o
 .bss.adc_counter
                0x00000000200009e0        0x4 hw.o
 .bss.channels  0x00000000200009e4        0x3 hw.o
                0x00000000200009e4                channels
 *fill*         0x00000000200009e7        0x1 
 .bss.longpress_start
                0x00000000200009e8        0x8 hw.o
 .bss.ocp_count.6020
                0x00000000200009f0        0x4 hw.o
 .bss.adc_i_offset
                0x00000000200009f4        0x4 hw.o
 .bss.longpress_event
                0x00000000200009f8        0x1 hw.o
 *fill*         0x00000000200009f9        0x1 
 .bss.v_out_adc
                0x00000000200009fa        0x2 hw.o
 .bss.v_in_adc  0x00000000200009fc        0x2 hw.o
 .bss.i_out_adc
                0x00000000200009fe        0x2 hw.o
 .bss.longpress_detected
                0x0000000020000a00        0x1 hw.o
 *fill*         0x0000000020000a01        0x3 
 .bss.v_out     0x0000000020000a04        0x4 pwrctl.o
 .bss.i_limit   0x0000000020000a08        0x4 pwrctl.o
 .bss.pwrctl_i_limit_raw
                0x0000000020000a0c        0x4 pwrctl.o
                0x0000000020000a0c                pwrctl_i_limit_raw
 .bss.v_out_enabled
                0x0000000020000a10        0x1 pwrctl.o
 .bss.buffer    0x0000000020000a11       0x10 event.o
 *fill*         0x0000000020000a21        0x3 
 .bss.events    0x0000000020000a24       0x10 event.o
 .bss.flash_unlock_count
                0x0000000020000a34        0x4 past.o
 .bss.tick_ms   0x0000000020000a38        0x8 tick.o
 .bss.blit_buffer
                0x0000000020000a40      0x578 tft.o
 .bss.is_inverted
                0x0000000020000fb8        0x1 tft.o
 *fill*         0x0000000020000fb9        0x1 
 .bss.black_buffer
                0x0000000020000fba      0x578 tft.o
 .bss.dma_status
                0x0000000020001532        0x1 spi_driver.o
 *fill*         0x0000000020001533        0x1 
 .bss.screen_width
                0x0000000020001534        0x2 ili9163c.o
 .bss.mad_ctrl_value
                0x0000000020001536        0x1 ili9163c.o
 *fill*         0x0000000020001537        0x1 
 .bss.screen_height
                0x0000000020001538        0x2 ili9163c.o
 .bss.colorspace_data
                0x000000002000153a        0x1 ili9163c.o
 .bss.rotation  0x000000002000153b        0x1 ili9163c.o
 .bss.frame_buffer
                0x000000002000153c       0x46 protocol_handler.o
 *fill*         0x0000000020001582        0x2 
 .bss.rx_idx    0x0000000020001584        0x4 protocol_handler.o
 .bss.receiving_frame
                0x0000000020001588        0x1 protocol_handler.o
 *fill*         0x0000000020001589        0x3 
 .bss.__malloc_max_total_mem
                0x000000002000158c        0x4 /usr/lib/gcc/arm-none-eabi/4.9.3/../../../arm-none-eabi/lib/armv7-m/libc.a(lib_a-mallocr.o)
                0x000000002000158c                __malloc_max_total_mem
 .bss.__malloc_max_sbrked_mem
                0x0000000020001590        0x4 /usr/lib/gcc/arm-none-eabi/4.9.3/../../../arm-none-eabi/lib/armv7-m/libc.a(lib_a-mallocr.o)
                0x0000000020001590                __malloc_max_sbrked_mem
 .bss.__malloc_top_pad
                0x0000000020001594        0x4 /usr/lib/gcc/arm-none-eabi/4.9.3/../../../arm-none-eabi/lib/armv7-m/libc.a(lib_a-mallocr.o)
                0x0000000020001594                __malloc_top_pad
 .bss.__malloc_current_mallinfo
                0x0000000020001598       0x28 /usr/lib/gcc/arm-none-eabi/4.9.3/../../../arm-none-eabi/lib/armv7-m/libc.a(lib_a-mallocr.o)
                0x0000000020001598                __malloc_current_mallinfo
 .bss.heap_end.4079
                0x00000000200015c0        0x4 /usr/lib/gcc/arm-none-eabi/4.9.3/../../../arm-none-eabi/lib/armv7-m/libnosys.a(sbrk.o)
 *(COMMON)
 COMMON         0x00000000200015c4        0x4 /usr/lib/gcc/arm-none-eabi/4.9.3/../../../arm-none-eabi/lib/armv7-m/libc.a(lib_a-reent.o)
                0x00000000200015c4                errno
                0x00000000200015c8                . = ALIGN (0x4)
                0x00000000200015c8                _ebss = .

/DISCARD/
 *(.eh_frame)
                0x00000000200015c8                . = ALIGN (0x4)
                0x00000000200015c8                end = .
                0x0000000020002000                PROVIDE (_stack, (ORIGIN (ram) + LENGTH (ram)))
OUTPUT(opendps.elf elf32-littlearm)

.debug_info     0x0000000000000000    0x29b71
 .debug_info    0x0000000000000000     0x17de ui.o
 .debug_info    0x00000000000017de     0x2029 hw.o
 .debug_info    0x0000000000003807      0x376 pwrctl.o
 .debug_info    0x0000000000003b7d      0x317 event.o
 .debug_info    0x0000000000003e94      0xc41 past.o
 .debug_info    0x0000000000004ad5      0x19c tick.o
 .debug_info    0x0000000000004c71      0xa02 tft.o
 .debug_info    0x0000000000005673      0xa1d spi_driver.o
 .debug_info    0x0000000000006090      0x1c2 ringbuf.o
 .debug_info    0x0000000000006252      0xc04 ili9163c.o
 .debug_info    0x0000000000006e56      0x147 stdio.o
 .debug_info    0x0000000000006f9d      0x3aa font-0.o
 .debug_info    0x0000000000007347      0x3c3 font-1.o
 .debug_info    0x000000000000770a      0x198 uframe.o
 .debug_info    0x00000000000078a2      0xcb9 protocol.o
 .debug_info    0x000000000000855b      0xa57 protocol_handler.o
 .debug_info    0x0000000000008fb2      0x4df opendps.o
 .debug_info    0x0000000000009491      0x387 ../libopencm3/lib/libopencm3_stm32f1.a(adc.o)
 .debug_info    0x0000000000009818      0x7b4 ../libopencm3/lib/libopencm3_stm32f1.a(adc_common_v1.o)
 .debug_info    0x0000000000009fcc      0x297 ../libopencm3/lib/libopencm3_stm32f1.a(flash.o)
 .debug_info    0x000000000000a263      0x1df ../libopencm3/lib/libopencm3_stm32f1.a(gpio.o)
 .debug_info    0x000000000000a442     0x1147 ../libopencm3/lib/libopencm3_stm32f1.a(rcc.o)
 .debug_info    0x000000000000b589      0x681 ../libopencm3/lib/libopencm3_stm32f1.a(dma_common_l1f013.o)
 .debug_info    0x000000000000bc0a      0x22c ../libopencm3/lib/libopencm3_stm32f1.a(gpio_common_all.o)
 .debug_info    0x000000000000be36      0x93f ../libopencm3/lib/libopencm3_stm32f1.a(spi_common_all.o)
 .debug_info    0x000000000000c775      0x148 ../libopencm3/lib/libopencm3_stm32f1.a(spi_common_l1f124.o)
 .debug_info    0x000000000000c8bd     0x1181 ../libopencm3/lib/libopencm3_stm32f1.a(timer_common_all.o)
 .debug_info    0x000000000000da3e      0x4cf ../libopencm3/lib/libopencm3_stm32f1.a(usart_common_all.o)
 .debug_info    0x000000000000df0d      0x1bb ../libopencm3/lib/libopencm3_stm32f1.a(usart_common_f124.o)
 .debug_info    0x000000000000e0c8      0x53a ../libopencm3/lib/libopencm3_stm32f1.a(rcc_common_all.o)
 .debug_info    0x000000000000e602      0x204 ../libopencm3/lib/libopencm3_stm32f1.a(exti_common_all.o)
 .debug_info    0x000000000000e806      0x27f ../libopencm3/lib/libopencm3_stm32f1.a(flash_common_f01.o)
 .debug_info    0x000000000000ea85      0x2a0 ../libopencm3/lib/libopencm3_stm32f1.a(vector.o)
 .debug_info    0x000000000000ed25      0x255 ../libopencm3/lib/libopencm3_stm32f1.a(systick.o)
 .debug_info    0x000000000000ef7a      0x214 ../libopencm3/lib/libopencm3_stm32f1.a(nvic.o)
 .debug_info    0x000000000000f18e      0x889 /usr/lib/gcc/arm-none-eabi/4.9.3/../../../arm-none-eabi/lib/armv7-m/libc.a(lib_a-errno.o)
 .debug_info    0x000000000000fa17      0x894 /usr/lib/gcc/arm-none-eabi/4.9.3/../../../arm-none-eabi/lib/armv7-m/libc.a(lib_a-impure.o)
 .debug_info    0x00000000000102ab       0xcd /usr/lib/gcc/arm-none-eabi/4.9.3/../../../arm-none-eabi/lib/armv7-m/libc.a(lib_a-memcpy.o)
 .debug_info    0x0000000000010378      0x117 /usr/lib/gcc/arm-none-eabi/4.9.3/../../../arm-none-eabi/lib/armv7-m/libc.a(lib_a-memset.o)
 .debug_info    0x000000000001048f      0x9ab /usr/lib/gcc/arm-none-eabi/4.9.3/../../../arm-none-eabi/lib/armv7-m/libc.a(lib_a-printf.o)
 .debug_info    0x0000000000010e3a      0xa4e /usr/lib/gcc/arm-none-eabi/4.9.3/../../../arm-none-eabi/lib/armv7-m/libc.a(lib_a-puts.o)
 .debug_info    0x0000000000011888       0xb5 /usr/lib/gcc/arm-none-eabi/4.9.3/../../../arm-none-eabi/lib/armv7-m/libc.a(lib_a-strlen.o)
 .debug_info    0x000000000001193d     0x1836 /usr/lib/gcc/arm-none-eabi/4.9.3/../../../arm-none-eabi/lib/armv7-m/libc.a(lib_a-vfprintf.o)
 .debug_info    0x0000000000013173      0x93b /usr/lib/gcc/arm-none-eabi/4.9.3/../../../arm-none-eabi/lib/armv7-m/libc.a(lib_a-wsetup.o)
 .debug_info    0x0000000000013aae     0x1352 /usr/lib/gcc/arm-none-eabi/4.9.3/../../../arm-none-eabi/lib/armv7-m/libc.a(lib_a-dtoa.o)
 .debug_info    0x0000000000014e00      0xab3 /usr/lib/gcc/arm-none-eabi/4.9.3/../../../arm-none-eabi/lib/armv7-m/libc.a(lib_a-fflush.o)
 .debug_info    0x00000000000158b3      0xdc0 /usr/lib/gcc/arm-none-eabi/4.9.3/../../../arm-none-eabi/lib/armv7-m/libc.a(lib_a-findfp.o)
 .debug_info    0x0000000000016673      0xc1c /usr/lib/gcc/arm-none-eabi/4.9.3/../../../arm-none-eabi/lib/armv7-m/libc.a(lib_a-freer.o)
 .debug_info    0x000000000001728f      0xc63 /usr/lib/gcc/arm-none-eabi/4.9.3/../../../arm-none-eabi/lib/armv7-m/libc.a(lib_a-fvwrite.o)
 .debug_info    0x0000000000017ef2      0x99e /usr/lib/gcc/arm-none-eabi/4.9.3/../../../arm-none-eabi/lib/armv7-m/libc.a(lib_a-fwalk.o)
 .debug_info    0x0000000000018890      0xc24 /usr/lib/gcc/arm-none-eabi/4.9.3/../../../arm-none-eabi/lib/armv7-m/libc.a(lib_a-locale.o)
 .debug_info    0x00000000000194b4      0xae6 /usr/lib/gcc/arm-none-eabi/4.9.3/../../../arm-none-eabi/lib/armv7-m/libc.a(lib_a-makebuf.o)
 .debug_info    0x0000000000019f9a      0xd77 /usr/lib/gcc/arm-none-eabi/4.9.3/../../../arm-none-eabi/lib/armv7-m/libc.a(lib_a-mallocr.o)
 .debug_info    0x000000000001ad11      0x129 /usr/lib/gcc/arm-none-eabi/4.9.3/../../../arm-none-eabi/lib/armv7-m/libc.a(lib_a-memchr.o)
 .debug_info    0x000000000001ae3a      0x131 /usr/lib/gcc/arm-none-eabi/4.9.3/../../../arm-none-eabi/lib/armv7-m/libc.a(lib_a-memmove.o)
 .debug_info    0x000000000001af6b      0x8b4 /usr/lib/gcc/arm-none-eabi/4.9.3/../../../arm-none-eabi/lib/armv7-m/libc.a(lib_a-mlock.o)
 .debug_info    0x000000000001b81f     0x167d /usr/lib/gcc/arm-none-eabi/4.9.3/../../../arm-none-eabi/lib/armv7-m/libc.a(lib_a-mprec.o)
 .debug_info    0x000000000001ce9c      0xcb3 /usr/lib/gcc/arm-none-eabi/4.9.3/../../../arm-none-eabi/lib/armv7-m/libc.a(lib_a-reallocr.o)
 .debug_info    0x000000000001db4f       0xd3 /usr/lib/gcc/arm-none-eabi/4.9.3/../../../arm-none-eabi/lib/armv7-m/libc.a(lib_a-s_fpclassify.o)
 .debug_info    0x000000000001dc22      0x8f4 /usr/lib/gcc/arm-none-eabi/4.9.3/../../../arm-none-eabi/lib/armv7-m/libc.a(lib_a-sbrkr.o)
 .debug_info    0x000000000001e516      0xb8a /usr/lib/gcc/arm-none-eabi/4.9.3/../../../arm-none-eabi/lib/armv7-m/libc.a(lib_a-stdio.o)
 .debug_info    0x000000000001f0a0     0x152f /usr/lib/gcc/arm-none-eabi/4.9.3/../../../arm-none-eabi/lib/armv7-m/libc.a(lib_a-vfiprintf.o)
 .debug_info    0x00000000000205cf      0x929 /usr/lib/gcc/arm-none-eabi/4.9.3/../../../arm-none-eabi/lib/armv7-m/libc.a(lib_a-writer.o)
 .debug_info    0x0000000000020ef8      0x9e0 /usr/lib/gcc/arm-none-eabi/4.9.3/../../../arm-none-eabi/lib/armv7-m/libc.a(lib_a-callocr.o)
 .debug_info    0x00000000000218d8      0x8e0 /usr/lib/gcc/arm-none-eabi/4.9.3/../../../arm-none-eabi/lib/armv7-m/libc.a(lib_a-closer.o)
 .debug_info    0x00000000000221b8      0xa28 /usr/lib/gcc/arm-none-eabi/4.9.3/../../../arm-none-eabi/lib/armv7-m/libc.a(lib_a-fclose.o)
 .debug_info    0x0000000000022be0      0xacc /usr/lib/gcc/arm-none-eabi/4.9.3/../../../arm-none-eabi/lib/armv7-m/libc.a(lib_a-fputwc.o)
 .debug_info    0x00000000000236ac      0xa5e /usr/lib/gcc/arm-none-eabi/4.9.3/../../../arm-none-eabi/lib/armv7-m/libc.a(lib_a-fstatr.o)
 .debug_info    0x000000000002410a      0x8e0 /usr/lib/gcc/arm-none-eabi/4.9.3/../../../arm-none-eabi/lib/armv7-m/libc.a(lib_a-isattyr.o)
 .debug_info    0x00000000000249ea      0x90c /usr/lib/gcc/arm-none-eabi/4.9.3/../../../arm-none-eabi/lib/armv7-m/libc.a(lib_a-lseekr.o)
 .debug_info    0x00000000000252f6      0x922 /usr/lib/gcc/arm-none-eabi/4.9.3/../../../arm-none-eabi/lib/armv7-m/libc.a(lib_a-readr.o)
 .debug_info    0x0000000000025c18      0x9fb /usr/lib/gcc/arm-none-eabi/4.9.3/../../../arm-none-eabi/lib/armv7-m/libc.a(lib_a-reent.o)
 .debug_info    0x0000000000026613      0x9cc /usr/lib/gcc/arm-none-eabi/4.9.3/../../../arm-none-eabi/lib/armv7-m/libc.a(lib_a-wbuf.o)
 .debug_info    0x0000000000026fdf      0xa75 /usr/lib/gcc/arm-none-eabi/4.9.3/../../../arm-none-eabi/lib/armv7-m/libc.a(lib_a-wcrtomb.o)
 .debug_info    0x0000000000027a54      0x9b5 /usr/lib/gcc/arm-none-eabi/4.9.3/../../../arm-none-eabi/lib/armv7-m/libc.a(lib_a-wctomb_r.o)
 .debug_info    0x0000000000028409       0xba /usr/lib/gcc/arm-none-eabi/4.9.3/armv7-m/libgcc.a(_arm_addsubdf3.o)
 .debug_info    0x00000000000284c3       0xba /usr/lib/gcc/arm-none-eabi/4.9.3/armv7-m/libgcc.a(_arm_muldivdf3.o)
 .debug_info    0x000000000002857d       0xba /usr/lib/gcc/arm-none-eabi/4.9.3/armv7-m/libgcc.a(_arm_cmpdf2.o)
 .debug_info    0x0000000000028637       0xba /usr/lib/gcc/arm-none-eabi/4.9.3/armv7-m/libgcc.a(_arm_fixdfsi.o)
 .debug_info    0x00000000000286f1       0xba /usr/lib/gcc/arm-none-eabi/4.9.3/armv7-m/libgcc.a(_arm_fixunsdfsi.o)
 .debug_info    0x00000000000287ab       0xb5 /usr/lib/gcc/arm-none-eabi/4.9.3/armv7-m/libgcc.a(_aeabi_uldivmod.o)
 .debug_info    0x0000000000028860      0x164 /usr/lib/gcc/arm-none-eabi/4.9.3/armv7-m/libgcc.a(bpabi.o)
 .debug_info    0x00000000000289c4       0xb9 /usr/lib/gcc/arm-none-eabi/4.9.3/armv7-m/libgcc.a(_dvmd_tls.o)
 .debug_info    0x0000000000028a7d      0x5bc /usr/lib/gcc/arm-none-eabi/4.9.3/armv7-m/libgcc.a(_divdi3.o)
 .debug_info    0x0000000000029039      0x57c /usr/lib/gcc/arm-none-eabi/4.9.3/armv7-m/libgcc.a(_udivdi3.o)
 .debug_info    0x00000000000295b5       0xae /usr/lib/gcc/arm-none-eabi/4.9.3/../../../arm-none-eabi/lib/armv7-m/libnosys.a(close.o)
 .debug_info    0x0000000000029663      0x22d /usr/lib/gcc/arm-none-eabi/4.9.3/../../../arm-none-eabi/lib/armv7-m/libnosys.a(fstat.o)
 .debug_info    0x0000000000029890       0xae /usr/lib/gcc/arm-none-eabi/4.9.3/../../../arm-none-eabi/lib/armv7-m/libnosys.a(isatty.o)
 .debug_info    0x000000000002993e       0xca /usr/lib/gcc/arm-none-eabi/4.9.3/../../../arm-none-eabi/lib/armv7-m/libnosys.a(lseek.o)
 .debug_info    0x0000000000029a08       0xd0 /usr/lib/gcc/arm-none-eabi/4.9.3/../../../arm-none-eabi/lib/armv7-m/libnosys.a(read.o)
 .debug_info    0x0000000000029ad8       0x99 /usr/lib/gcc/arm-none-eabi/4.9.3/../../../arm-none-eabi/lib/armv7-m/libnosys.a(sbrk.o)

.debug_abbrev   0x0000000000000000     0x89b4
 .debug_abbrev  0x0000000000000000      0x33e ui.o
 .debug_abbrev  0x000000000000033e      0x346 hw.o
 .debug_abbrev  0x0000000000000684      0x182 pwrctl.o
 .debug_abbrev  0x0000000000000806      0x193 event.o
 .debug_abbrev  0x0000000000000999      0x30a past.o
 .debug_abbrev  0x0000000000000ca3      0x114 tick.o
 .debug_abbrev  0x0000000000000db7      0x223 tft.o
 .debug_abbrev  0x0000000000000fda      0x145 spi_driver.o
 .debug_abbrev  0x000000000000111f       0xe8 ringbuf.o
 .debug_abbrev  0x0000000000001207      0x238 ili9163c.o
 .debug_abbrev  0x000000000000143f       0xda stdio.o
 .debug_abbrev  0x0000000000001519       0x80 font-0.o
 .debug_abbrev  0x0000000000001599       0x80 font-1.o
 .debug_abbrev  0x0000000000001619       0xa4 uframe.o
 .debug_abbrev  0x00000000000016bd      0x137 protocol.o
 .debug_abbrev  0x00000000000017f4      0x1df protocol_handler.o
 .debug_abbrev  0x00000000000019d3      0x168 opendps.o
 .debug_abbrev  0x0000000000001b3b      0x165 ../libopencm3/lib/libopencm3_stm32f1.a(adc.o)
 .debug_abbrev  0x0000000000001ca0      0x149 ../libopencm3/lib/libopencm3_stm32f1.a(adc_common_v1.o)
 .debug_abbrev  0x0000000000001de9      0x11a ../libopencm3/lib/libopencm3_stm32f1.a(flash.o)
 .debug_abbrev  0x0000000000001f03       0xb7 ../libopencm3/lib/libopencm3_stm32f1.a(gpio.o)
 .debug_abbrev  0x0000000000001fba      0x291 ../libopencm3/lib/libopencm3_stm32f1.a(rcc.o)
 .debug_abbrev  0x000000000000224b      0x11a ../libopencm3/lib/libopencm3_stm32f1.a(dma_common_l1f013.o)
 .debug_abbrev  0x0000000000002365      0x10e ../libopencm3/lib/libopencm3_stm32f1.a(gpio_common_all.o)
 .debug_abbrev  0x0000000000002473      0x1be ../libopencm3/lib/libopencm3_stm32f1.a(spi_common_all.o)
 .debug_abbrev  0x0000000000002631       0xd3 ../libopencm3/lib/libopencm3_stm32f1.a(spi_common_l1f124.o)
 .debug_abbrev  0x0000000000002704      0x15c ../libopencm3/lib/libopencm3_stm32f1.a(timer_common_all.o)
 .debug_abbrev  0x0000000000002860      0x12b ../libopencm3/lib/libopencm3_stm32f1.a(usart_common_all.o)
 .debug_abbrev  0x000000000000298b       0xb7 ../libopencm3/lib/libopencm3_stm32f1.a(usart_common_f124.o)
 .debug_abbrev  0x0000000000002a42       0xc1 ../libopencm3/lib/libopencm3_stm32f1.a(rcc_common_all.o)
 .debug_abbrev  0x0000000000002b03       0xe5 ../libopencm3/lib/libopencm3_stm32f1.a(exti_common_all.o)
 .debug_abbrev  0x0000000000002be8       0xe7 ../libopencm3/lib/libopencm3_stm32f1.a(flash_common_f01.o)
 .debug_abbrev  0x0000000000002ccf      0x138 ../libopencm3/lib/libopencm3_stm32f1.a(vector.o)
 .debug_abbrev  0x0000000000002e07      0x132 ../libopencm3/lib/libopencm3_stm32f1.a(systick.o)
 .debug_abbrev  0x0000000000002f39       0xa6 ../libopencm3/lib/libopencm3_stm32f1.a(nvic.o)
 .debug_abbrev  0x0000000000002fdf      0x18f /usr/lib/gcc/arm-none-eabi/4.9.3/../../../arm-none-eabi/lib/armv7-m/libc.a(lib_a-errno.o)
 .debug_abbrev  0x000000000000316e      0x180 /usr/lib/gcc/arm-none-eabi/4.9.3/../../../arm-none-eabi/lib/armv7-m/libc.a(lib_a-impure.o)
 .debug_abbrev  0x00000000000032ee       0x14 /usr/lib/gcc/arm-none-eabi/4.9.3/../../../arm-none-eabi/lib/armv7-m/libc.a(lib_a-memcpy.o)
 .debug_abbrev  0x0000000000003302       0x9f /usr/lib/gcc/arm-none-eabi/4.9.3/../../../arm-none-eabi/lib/armv7-m/libc.a(lib_a-memset.o)
 .debug_abbrev  0x00000000000033a1      0x227 /usr/lib/gcc/arm-none-eabi/4.9.3/../../../arm-none-eabi/lib/armv7-m/libc.a(lib_a-printf.o)
 .debug_abbrev  0x00000000000035c8      0x25e /usr/lib/gcc/arm-none-eabi/4.9.3/../../../arm-none-eabi/lib/armv7-m/libc.a(lib_a-puts.o)
 .debug_abbrev  0x0000000000003826       0x70 /usr/lib/gcc/arm-none-eabi/4.9.3/../../../arm-none-eabi/lib/armv7-m/libc.a(lib_a-strlen.o)
 .debug_abbrev  0x0000000000003896      0x3e0 /usr/lib/gcc/arm-none-eabi/4.9.3/../../../arm-none-eabi/lib/armv7-m/libc.a(lib_a-vfprintf.o)
 .debug_abbrev  0x0000000000003c76      0x20b /usr/lib/gcc/arm-none-eabi/4.9.3/../../../arm-none-eabi/lib/armv7-m/libc.a(lib_a-wsetup.o)
 .debug_abbrev  0x0000000000003e81      0x2bc /usr/lib/gcc/arm-none-eabi/4.9.3/../../../arm-none-eabi/lib/armv7-m/libc.a(lib_a-dtoa.o)
 .debug_abbrev  0x000000000000413d      0x2a1 /usr/lib/gcc/arm-none-eabi/4.9.3/../../../arm-none-eabi/lib/armv7-m/libc.a(lib_a-fflush.o)
 .debug_abbrev  0x00000000000043de      0x36d /usr/lib/gcc/arm-none-eabi/4.9.3/../../../arm-none-eabi/lib/armv7-m/libc.a(lib_a-findfp.o)
 .debug_abbrev  0x000000000000474b      0x27b /usr/lib/gcc/arm-none-eabi/4.9.3/../../../arm-none-eabi/lib/armv7-m/libc.a(lib_a-freer.o)
 .debug_abbrev  0x00000000000049c6      0x24a /usr/lib/gcc/arm-none-eabi/4.9.3/../../../arm-none-eabi/lib/armv7-m/libc.a(lib_a-fvwrite.o)
 .debug_abbrev  0x0000000000004c10      0x1c2 /usr/lib/gcc/arm-none-eabi/4.9.3/../../../arm-none-eabi/lib/armv7-m/libc.a(lib_a-fwalk.o)
 .debug_abbrev  0x0000000000004dd2      0x2ac /usr/lib/gcc/arm-none-eabi/4.9.3/../../../arm-none-eabi/lib/armv7-m/libc.a(lib_a-locale.o)
 .debug_abbrev  0x000000000000507e      0x206 /usr/lib/gcc/arm-none-eabi/4.9.3/../../../arm-none-eabi/lib/armv7-m/libc.a(lib_a-makebuf.o)
 .debug_abbrev  0x0000000000005284      0x2ad /usr/lib/gcc/arm-none-eabi/4.9.3/../../../arm-none-eabi/lib/armv7-m/libc.a(lib_a-mallocr.o)
 .debug_abbrev  0x0000000000005531       0xba /usr/lib/gcc/arm-none-eabi/4.9.3/../../../arm-none-eabi/lib/armv7-m/libc.a(lib_a-memchr.o)
 .debug_abbrev  0x00000000000055eb       0xab /usr/lib/gcc/arm-none-eabi/4.9.3/../../../arm-none-eabi/lib/armv7-m/libc.a(lib_a-memmove.o)
 .debug_abbrev  0x0000000000005696      0x19a /usr/lib/gcc/arm-none-eabi/4.9.3/../../../arm-none-eabi/lib/armv7-m/libc.a(lib_a-mlock.o)
 .debug_abbrev  0x0000000000005830      0x39d /usr/lib/gcc/arm-none-eabi/4.9.3/../../../arm-none-eabi/lib/armv7-m/libc.a(lib_a-mprec.o)
 .debug_abbrev  0x0000000000005bcd      0x260 /usr/lib/gcc/arm-none-eabi/4.9.3/../../../arm-none-eabi/lib/armv7-m/libc.a(lib_a-reallocr.o)
 .debug_abbrev  0x0000000000005e2d       0x6d /usr/lib/gcc/arm-none-eabi/4.9.3/../../../arm-none-eabi/lib/armv7-m/libc.a(lib_a-s_fpclassify.o)
 .debug_abbrev  0x0000000000005e9a      0x1fd /usr/lib/gcc/arm-none-eabi/4.9.3/../../../arm-none-eabi/lib/armv7-m/libc.a(lib_a-sbrkr.o)
 .debug_abbrev  0x0000000000006097      0x246 /usr/lib/gcc/arm-none-eabi/4.9.3/../../../arm-none-eabi/lib/armv7-m/libc.a(lib_a-stdio.o)
 .debug_abbrev  0x00000000000062dd      0x3c9 /usr/lib/gcc/arm-none-eabi/4.9.3/../../../arm-none-eabi/lib/armv7-m/libc.a(lib_a-vfiprintf.o)
 .debug_abbrev  0x00000000000066a6      0x1f4 /usr/lib/gcc/arm-none-eabi/4.9.3/../../../arm-none-eabi/lib/armv7-m/libc.a(lib_a-writer.o)
 .debug_abbrev  0x000000000000689a      0x213 /usr/lib/gcc/arm-none-eabi/4.9.3/../../../arm-none-eabi/lib/armv7-m/libc.a(lib_a-callocr.o)
 .debug_abbrev  0x0000000000006aad      0x1ef /usr/lib/gcc/arm-none-eabi/4.9.3/../../../arm-none-eabi/lib/armv7-m/libc.a(lib_a-closer.o)
 .debug_abbrev  0x0000000000006c9c      0x2aa /usr/lib/gcc/arm-none-eabi/4.9.3/../../../arm-none-eabi/lib/armv7-m/libc.a(lib_a-fclose.o)
 .debug_abbrev  0x0000000000006f46      0x28e /usr/lib/gcc/arm-none-eabi/4.9.3/../../../arm-none-eabi/lib/armv7-m/libc.a(lib_a-fputwc.o)
 .debug_abbrev  0x00000000000071d4      0x1fe /usr/lib/gcc/arm-none-eabi/4.9.3/../../../arm-none-eabi/lib/armv7-m/libc.a(lib_a-fstatr.o)
 .debug_abbrev  0x00000000000073d2      0x1ef /usr/lib/gcc/arm-none-eabi/4.9.3/../../../arm-none-eabi/lib/armv7-m/libc.a(lib_a-isattyr.o)
 .debug_abbrev  0x00000000000075c1      0x1fe /usr/lib/gcc/arm-none-eabi/4.9.3/../../../arm-none-eabi/lib/armv7-m/libc.a(lib_a-lseekr.o)
 .debug_abbrev  0x00000000000077bf      0x1ef /usr/lib/gcc/arm-none-eabi/4.9.3/../../../arm-none-eabi/lib/armv7-m/libc.a(lib_a-readr.o)
 .debug_abbrev  0x00000000000079ae      0x25c /usr/lib/gcc/arm-none-eabi/4.9.3/../../../arm-none-eabi/lib/armv7-m/libc.a(lib_a-reent.o)
 .debug_abbrev  0x0000000000007c0a      0x25b /usr/lib/gcc/arm-none-eabi/4.9.3/../../../arm-none-eabi/lib/armv7-m/libc.a(lib_a-wbuf.o)
 .debug_abbrev  0x0000000000007e65      0x222 /usr/lib/gcc/arm-none-eabi/4.9.3/../../../arm-none-eabi/lib/armv7-m/libc.a(lib_a-wcrtomb.o)